<html>
<body>
<pre>
<h1>礦ision Build Log</h1>
<h2>Tool Versions:</h2>
IDE-Version: μVision V5.34.0.0
Copyright (C) 2021 ARM Ltd and ARM Germany GmbH. All rights reserved.
License Information: 123123 8613288357525, 123123, LIC=YA39H-W09Y8-74WS0-BKW2G-SS44U-NNY4J
 
Tool Versions:
Toolchain:       MDK-ARM Plus  Version: 5.34.0.0
Toolchain Path:  C:\Keil_v5\ARM\ARMCC\Bin
C Compiler:      Armcc.exe V5.06 update 7 (build 960)
Assembler:       Armasm.exe V5.06 update 7 (build 960)
Linker/Locator:  ArmLink.exe V5.06 update 7 (build 960)
Library Manager: ArmAr.exe V5.06 update 7 (build 960)
Hex Converter:   FromElf.exe V5.06 update 7 (build 960)
CPU DLL:         SARMCM3.DLL V5.34.0.0
Dialog DLL:      DCM.DLL V1.17.3.0
Target DLL:      CMSIS_AGDI.dll V1.32.13.0
Dialog DLL:      TCM.DLL V1.48.0.0
 
<h2>Project:</h2>
C:\Users\86132\Desktop\keil project\Robot\MDK-ARM\Robot.uvprojx
Project File Date:  08/22/2023

<h2>Output:</h2>
*** Using Compiler 'V5.06 update 7 (build 960)', folder: 'C:\Keil_v5\ARM\ARMCC\Bin'
Rebuild target 'Robot'
assembling startup_stm32f405xx.s...
compiling stm32f4xx_hal_rcc_ex.c...
compiling stm32f4xx_it.c...
../Core/Src/stm32f4xx_it.c(360): warning:  #223-D: function "printf" declared implicitly
  	printf("temp:%d Rx_len:%d flag:%d",temp,Rx_len,flag);//我的测试代码 不用管
../Core/Src/stm32f4xx_it.c(400): warning:  #223-D: function "printf" declared implicitly
  		printf("callback");//我的测试代码 不用管
../Core/Src/stm32f4xx_it.c(419): warning:  #223-D: function "memcpy" declared implicitly
  			memcpy(&X, x, sizeof(uint16_t));
../Core/Src/stm32f4xx_it.c: 3 warnings, 0 errors
compiling gpio.c...
compiling stm32f4xx_hal_flash.c...
compiling main.c...
../Core/Src/main.c(131): warning:  #223-D: function "printf" declared implicitly
  		printf("begin");
../Core/Src/main.c(143): warning:  #167-D: argument of type "uint8_t *" is incompatible with parameter of type "char *"
  	HandleStringSpeed(ReceiveBuff, Rx_len);
../Core/Src/main.c: 2 warnings, 0 errors
compiling can.c...
compiling dma.c...
compiling stm32f4xx_hal_msp.c...
compiling Base.c...
..\Core\Src\Base.c(412): warning:  #1035-D: single-precision operand implicitly converted to double-precision
      while(distance * cos(angle * PI /180) < goal_distance)
..\Core\Src\Base.c(435): warning:  #1035-D: single-precision operand implicitly converted to double-precision
      while(distance * cos(angle * PI /180) < goal_distance)
..\Core\Src\Base.c(623): warning:  #1295-D: Deprecated declaration aircylinder_catch - give arg types
  void aircylinder_catch();
..\Core\Src\Base.c(626): warning:  #1295-D: Deprecated declaration aircylinder_shoot - give arg types
  void aircylinder_shoot();
..\Core\Src\Base.c: 4 warnings, 0 errors
compiling RM3508.c...
..\Core\Src\RM3508.c(89): warning:  #1035-D: single-precision operand implicitly converted to double-precision
  	aim_angle = aim_angle * 2 * PI /360;
..\Core\Src\RM3508.c(91): warning:  #1035-D: single-precision operand implicitly converted to double-precision
  	float err_angle = gyro_data.Z_Pos * 2 * PI /360;
..\Core\Src\RM3508.c(115): warning:  #940-D: missing return statement at end of non-void function "RM3508_Set_angle" 
  };
..\Core\Src\RM3508.c: 3 warnings, 0 errors
compiling usart.c...
compiling stm32f4xx_hal_can.c...
compiling stm32f4xx_hal_rcc.c...
compiling stm32f4xx_hal_tim_ex.c...
compiling stm32f4xx_hal_pwr_ex.c...
compiling stm32f4xx_hal_cortex.c...
compiling stm32f4xx_hal_flash_ex.c...
compiling stm32f4xx_hal_flash_ramfunc.c...
compiling stm32f4xx_hal_pwr.c...
compiling stm32f4xx_hal_tim.c...
compiling stm32f4xx_hal.c...
compiling stm32f4xx_hal_gpio.c...
compiling stm32f4xx_hal_exti.c...
compiling stm32f4xx_hal_dma.c...
compiling stm32f4xx_hal_dma_ex.c...
compiling stm32f4xx_hal_uart.c...
compiling system_stm32f4xx.c...
linking...
Program Size: Code=17542 RO-data=746 RW-data=1324 ZI-data=2908  
FromELF: creating hex file...
"Robot\Robot.axf" - 0 Error(s), 12 Warning(s).

<h2>Software Packages used:</h2>

Package Vendor: ARM
                http://www.keil.com/pack/ARM.CMSIS.5.7.0.pack
                ARM.CMSIS.5.7.0
                CMSIS (Cortex Microcontroller Software Interface Standard)
   * Component: CORE Version: 5.4.0

Package Vendor: Keil
                http://www.keil.com/pack/Keil.STM32F4xx_DFP.2.14.0.pack
                Keil.STM32F4xx_DFP.2.14.0
                STMicroelectronics STM32F4 Series Device Support, Drivers and Examples

<h2>Collection of Component include folders:</h2>
  .\RTE\_Robot
  C:\Keil_v5\Packs\ARM\CMSIS\5.7.0\CMSIS\Core\Include
  C:\Keil_v5\Packs\Keil\STM32F4xx_DFP\2.14.0\Drivers\CMSIS\Device\ST\STM32F4xx\Include

<h2>Collection of Component Files used:</h2>

   * Component: ARM::CMSIS:CORE:5.4.0
      Include file:  CMSIS\Core\Include\tz_context.h
Build Time Elapsed:  00:00:06
</pre>
</body>
</html>
