Component: ARM Compiler 5.06 update 7 (build 960) Tool: armlink [4d3601]

==============================================================================

Section Cross References

    startup_stm32f405xx.o(STACK) refers (Special) to heapauxi.o(.text) for __use_two_region_memory
    startup_stm32f405xx.o(HEAP) refers (Special) to heapauxi.o(.text) for __use_two_region_memory
    startup_stm32f405xx.o(RESET) refers (Special) to heapauxi.o(.text) for __use_two_region_memory
    startup_stm32f405xx.o(RESET) refers to startup_stm32f405xx.o(STACK) for __initial_sp
    startup_stm32f405xx.o(RESET) refers to startup_stm32f405xx.o(.text) for Reset_Handler
    startup_stm32f405xx.o(RESET) refers to stm32f4xx_it.o(i.NMI_Handler) for NMI_Handler
    startup_stm32f405xx.o(RESET) refers to stm32f4xx_it.o(i.HardFault_Handler) for HardFault_Handler
    startup_stm32f405xx.o(RESET) refers to stm32f4xx_it.o(i.MemManage_Handler) for MemManage_Handler
    startup_stm32f405xx.o(RESET) refers to stm32f4xx_it.o(i.BusFault_Handler) for BusFault_Handler
    startup_stm32f405xx.o(RESET) refers to stm32f4xx_it.o(i.UsageFault_Handler) for UsageFault_Handler
    startup_stm32f405xx.o(RESET) refers to stm32f4xx_it.o(i.SVC_Handler) for SVC_Handler
    startup_stm32f405xx.o(RESET) refers to stm32f4xx_it.o(i.DebugMon_Handler) for DebugMon_Handler
    startup_stm32f405xx.o(RESET) refers to stm32f4xx_it.o(i.PendSV_Handler) for PendSV_Handler
    startup_stm32f405xx.o(RESET) refers to stm32f4xx_it.o(i.SysTick_Handler) for SysTick_Handler
    startup_stm32f405xx.o(RESET) refers to stm32f4xx_it.o(i.DMA1_Stream2_IRQHandler) for DMA1_Stream2_IRQHandler
    startup_stm32f405xx.o(RESET) refers to stm32f4xx_it.o(i.DMA1_Stream4_IRQHandler) for DMA1_Stream4_IRQHandler
    startup_stm32f405xx.o(RESET) refers to stm32f4xx_it.o(i.DMA1_Stream5_IRQHandler) for DMA1_Stream5_IRQHandler
    startup_stm32f405xx.o(RESET) refers to stm32f4xx_it.o(i.DMA1_Stream6_IRQHandler) for DMA1_Stream6_IRQHandler
    startup_stm32f405xx.o(RESET) refers to stm32f4xx_it.o(i.CAN1_RX1_IRQHandler) for CAN1_RX1_IRQHandler
    startup_stm32f405xx.o(RESET) refers to stm32f4xx_it.o(i.CAN1_SCE_IRQHandler) for CAN1_SCE_IRQHandler
    startup_stm32f405xx.o(RESET) refers to stm32f4xx_it.o(i.USART2_IRQHandler) for USART2_IRQHandler
    startup_stm32f405xx.o(RESET) refers to stm32f4xx_it.o(i.UART4_IRQHandler) for UART4_IRQHandler
    startup_stm32f405xx.o(RESET) refers to stm32f4xx_it.o(i.CAN2_RX0_IRQHandler) for CAN2_RX0_IRQHandler
    startup_stm32f405xx.o(RESET) refers to stm32f4xx_it.o(i.CAN2_SCE_IRQHandler) for CAN2_SCE_IRQHandler
    startup_stm32f405xx.o(.text) refers (Special) to heapauxi.o(.text) for __use_two_region_memory
    startup_stm32f405xx.o(.text) refers to system_stm32f4xx.o(i.SystemInit) for SystemInit
    startup_stm32f405xx.o(.text) refers to __main.o(!!!main) for __main
    startup_stm32f405xx.o(.text) refers to startup_stm32f405xx.o(HEAP) for Heap_Mem
    startup_stm32f405xx.o(.text) refers to startup_stm32f405xx.o(STACK) for Stack_Mem
    base.o(i.CAN_Init) refers to stm32f4xx_hal_can.o(i.HAL_CAN_ConfigFilter) for HAL_CAN_ConfigFilter
    base.o(i.CAN_Init) refers to stm32f4xx_hal_can.o(i.HAL_CAN_Start) for HAL_CAN_Start
    base.o(i.CAN_Init) refers to stm32f4xx_hal_can.o(i.HAL_CAN_ActivateNotification) for HAL_CAN_ActivateNotification
    base.o(i.CAN_Init) refers to main.o(i.Error_Handler) for Error_Handler
    base.o(i.CAN_Init) refers to can.o(.bss) for hcan1
    base.o(i.HAL_CAN_RxFifo0MsgPendingCallback) refers to stm32f4xx_hal_can.o(i.HAL_CAN_GetRxMessage) for HAL_CAN_GetRxMessage
    base.o(i.HAL_CAN_RxFifo0MsgPendingCallback) refers to rm3508.o(i.RM3508_Get_Feedback) for RM3508_Get_Feedback
    base.o(i.HAL_CAN_RxFifo0MsgPendingCallback) refers to can.o(.bss) for hcan2
    base.o(i.HAL_CAN_RxFifo1MsgPendingCallback) refers to stm32f4xx_hal_can.o(i.HAL_CAN_GetRxMessage) for HAL_CAN_GetRxMessage
    base.o(i.HAL_CAN_RxFifo1MsgPendingCallback) refers to base.o(i.get_GyroData) for get_GyroData
    base.o(i.HAL_CAN_RxFifo1MsgPendingCallback) refers to can.o(.bss) for hcan1
    base.o(i.HAL_UART_RxCpltCallback) refers to stm32f4xx_hal_uart.o(i.HAL_UART_Receive) for HAL_UART_Receive
    base.o(i.HAL_UART_RxCpltCallback) refers to usart.o(.bss) for huart4
    base.o(i.HAL_UART_RxCpltCallback) refers to base.o(.data) for .data
    base.o(i.HandleStringSpeed) refers to stm32f4xx_hal_gpio.o(i.HAL_GPIO_TogglePin) for HAL_GPIO_TogglePin
    base.o(i.HandleStringSpeed) refers to main.o(.data) for Rocker_Vx
    base.o(i.HandleStringSpeed) refers to main.o(.data) for Rotate_Vx
    base.o(i.HandleStringSpeed) refers to rm3508.o(.data) for Kz
    base.o(i.HandleStringSpeed) refers to main.o(.data) for flag_circle
    base.o(i.HandleStringSpeed) refers to main.o(.bss) for ReceiveBuff
    base.o(i.HandleStringSpeed) refers to base.o(.data) for .data
    base.o(i.HandleStringSpeed) refers to main.o(.data) for Kv
[...]
    i.HAL_NVIC_SetPriority                   0x08001748   Section        0  stm32f4xx_hal_cortex.o(i.HAL_NVIC_SetPriority)
    i.HAL_NVIC_SetPriorityGrouping           0x08001788   Section        0  stm32f4xx_hal_cortex.o(i.HAL_NVIC_SetPriorityGrouping)
    i.HAL_RCC_ClockConfig                    0x080017ac   Section        0  stm32f4xx_hal_rcc.o(i.HAL_RCC_ClockConfig)
    i.HAL_RCC_GetPCLK1Freq                   0x080018e0   Section        0  stm32f4xx_hal_rcc.o(i.HAL_RCC_GetPCLK1Freq)
    i.HAL_RCC_GetPCLK2Freq                   0x08001900   Section        0  stm32f4xx_hal_rcc.o(i.HAL_RCC_GetPCLK2Freq)
    i.HAL_RCC_GetSysClockFreq                0x08001920   Section        0  stm32f4xx_hal_rcc.o(i.HAL_RCC_GetSysClockFreq)
    i.HAL_RCC_OscConfig                      0x08001984   Section        0  stm32f4xx_hal_rcc.o(i.HAL_RCC_OscConfig)
    i.HAL_SYSTICK_Config                     0x08001cf0   Section        0  stm32f4xx_hal_cortex.o(i.HAL_SYSTICK_Config)
    i.HAL_UARTEx_RxEventCallback             0x08001d18   Section        0  stm32f4xx_hal_uart.o(i.HAL_UARTEx_RxEventCallback)
    i.HAL_UART_DMAStop                       0x08001d1a   Section        0  stm32f4xx_hal_uart.o(i.HAL_UART_DMAStop)
    i.HAL_UART_ErrorCallback                 0x08001d8a   Section        0  stm32f4xx_hal_uart.o(i.HAL_UART_ErrorCallback)
    i.HAL_UART_IRQHandler                    0x08001d8c   Section        0  stm32f4xx_hal_uart.o(i.HAL_UART_IRQHandler)
    i.HAL_UART_Init                          0x08001ff4   Section        0  stm32f4xx_hal_uart.o(i.HAL_UART_Init)
    i.HAL_UART_MspInit                       0x08002058   Section        0  usart.o(i.HAL_UART_MspInit)
    i.HAL_UART_Receive                       0x080021f4   Section        0  stm32f4xx_hal_uart.o(i.HAL_UART_Receive)
    i.HAL_UART_Receive_DMA                   0x080022b4   Section        0  stm32f4xx_hal_uart.o(i.HAL_UART_Receive_DMA)
    i.HAL_UART_RxCpltCallback                0x080022e0   Section        0  base.o(i.HAL_UART_RxCpltCallback)
    i.HAL_UART_RxHalfCpltCallback            0x08002300   Section        0  stm32f4xx_hal_uart.o(i.HAL_UART_RxHalfCpltCallback)
    i.HAL_UART_TxCpltCallback                0x08002302   Section        0  stm32f4xx_hal_uart.o(i.HAL_UART_TxCpltCallback)
    i.HandleStringSpeed                      0x08002304   Section        0  base.o(i.HandleStringSpeed)
    i.HardFault_Handler                      0x08002414   Section        0  stm32f4xx_it.o(i.HardFault_Handler)
    i.MX_CAN1_Init                           0x08002418   Section        0  can.o(i.MX_CAN1_Init)
    i.MX_CAN2_Init                           0x0800245c   Section        0  can.o(i.MX_CAN2_Init)
    i.MX_DMA_Init                            0x080024a0   Section        0  dma.o(i.MX_DMA_Init)
    i.MX_GPIO_Init                           0x080024fc   Section        0  gpio.o(i.MX_GPIO_Init)
    i.MX_UART4_Init                          0x08002578   Section        0  usart.o(i.MX_UART4_Init)
    i.MX_USART2_UART_Init                    0x080025b0   Section        0  usart.o(i.MX_USART2_UART_Init)
    i.MemManage_Handler                      0x080025e8   Section        0  stm32f4xx_it.o(i.MemManage_Handler)
    i.NMI_Handler                            0x080025ea   Section        0  stm32f4xx_it.o(i.NMI_Handler)
    i.PendSV_Handler                         0x080025ec   Section        0  stm32f4xx_it.o(i.PendSV_Handler)
    i.RM3508_CAN_Send_Data                   0x080025ee   Section        0  rm3508.o(i.RM3508_CAN_Send_Data)
    i.RM3508_Get_Feedback                    0x08002628   Section        0  rm3508.o(i.RM3508_Get_Feedback)
    i.RM3508_Get_Speed                       0x0800265c   Section        0  rm3508.o(i.RM3508_Get_Speed)
    i.RM3508_Pos_Rec                         0x08002688   Section        0  rm3508.o(i.RM3508_Pos_Rec)
    i.RM3508_Set_I                           0x080026f0   Section        0  rm3508.o(i.RM3508_Set_I)
    i.RM3508_Set_Speed                       0x0800275c   Section        0  rm3508.o(i.RM3508_Set_Speed)
    i.SVC_Handler                            0x080028a0   Section        0  stm32f4xx_it.o(i.SVC_Handler)
    i.Speed_Robot_Coordinate                 0x080028a4   Section        0  rm3508.o(i.Speed_Robot_Coordinate)
    i.SysTick_Handler                        0x080029a4   Section        0  stm32f4xx_it.o(i.SysTick_Handler)
    i.SystemClock_Config                     0x080029a8   Section        0  main.o(i.SystemClock_Config)
    i.SystemInit                             0x08002a3c   Section        0  system_stm32f4xx.o(i.SystemInit)
    i.UART4_IRQHandler                       0x08002a4c   Section        0  stm32f4xx_it.o(i.UART4_IRQHandler)
    i.UART_DMAAbortOnError                   0x08002ad0   Section        0  stm32f4xx_hal_uart.o(i.UART_DMAAbortOnError)
    UART_DMAAbortOnError                     0x08002ad1   Thumb Code    16  stm32f4xx_hal_uart.o(i.UART_DMAAbortOnError)
    i.UART_DMAError                          0x08002ae0   Section        0  stm32f4xx_hal_uart.o(i.UART_DMAError)
    UART_DMAError                            0x08002ae1   Thumb Code    74  stm32f4xx_hal_uart.o(i.UART_DMAError)
    i.UART_DMAReceiveCplt                    0x08002b2a   Section        0  stm32f4xx_hal_uart.o(i.UART_DMAReceiveCplt)
    UART_DMAReceiveCplt                      0x08002b2b   Thumb Code   130  stm32f4xx_hal_uart.o(i.UART_DMAReceiveCplt)
    i.UART_DMARxHalfCplt                     0x08002bac   Section        0  stm32f4xx_hal_uart.o(i.UART_DMARxHalfCplt)
    UART_DMARxHalfCplt                       0x08002bad   Thumb Code    26  stm32f4xx_hal_uart.o(i.UART_DMARxHalfCplt)
    i.UART_EndRxTransfer                     0x08002bc6   Section        0  stm32f4xx_hal_uart.o(i.UART_EndRxTransfer)
    UART_EndRxTransfer                       0x08002bc7   Thumb Code    78  stm32f4xx_hal_uart.o(i.UART_EndRxTransfer)
    i.UART_EndTxTransfer                     0x08002c14   Section        0  stm32f4xx_hal_uart.o(i.UART_EndTxTransfer)
    UART_EndTxTransfer                       0x08002c15   Thumb Code    28  stm32f4xx_hal_uart.o(i.UART_EndTxTransfer)
    i.UART_Receive_IT                        0x08002c30   Section        0  stm32f4xx_hal_uart.o(i.UART_Receive_IT)
    UART_Receive_IT                          0x08002c31   Thumb Code   192  stm32f4xx_hal_uart.o(i.UART_Receive_IT)
    i.UART_SetConfig                         0x08002cf0   Section        0  stm32f4xx_hal_uart.o(i.UART_SetConfig)
    UART_SetConfig                           0x08002cf1   Thumb Code   258  stm32f4xx_hal_uart.o(i.UART_SetConfig)
    i.UART_Start_Receive_DMA                 0x08002dfc   Section        0  stm32f4xx_hal_uart.o(i.UART_Start_Receive_DMA)
    i.UART_WaitOnFlagUntilTimeout            0x08002e90   Section        0  stm32f4xx_hal_uart.o(i.UART_WaitOnFlagUntilTimeout)
    UART_WaitOnFlagUntilTimeout              0x08002e91   Thumb Code   120  stm32f4xx_hal_uart.o(i.UART_WaitOnFlagUntilTimeout)
    i.USART2_IRQHandler                      0x08002f08   Section        0  stm32f4xx_it.o(i.USART2_IRQHandler)
    i.UsageFault_Handler                     0x08002fec   Section        0  stm32f4xx_it.o(i.UsageFault_Handler)
    i.__ARM_fpclassify                       0x08002fee   Section        0  fpclassify.o(i.__ARM_fpclassify)
    i.__NVIC_SetPriority                     0x0800301e   Section        0  stm32f4xx_hal_cortex.o(i.__NVIC_SetPriority)
    __NVIC_SetPriority                       0x0800301f   Thumb Code    32  stm32f4xx_hal_cortex.o(i.__NVIC_SetPriority)
    i.__hardfp_cos                           0x08003040   Section        0  cos.o(i.__hardfp_cos)
    i.__hardfp_sin                           0x08003108   Section        0  sin.o(i.__hardfp_sin)
    i.__ieee754_rem_pio2                     0x080031d0   Section        0  rred.o(i.__ieee754_rem_pio2)
    i.__kernel_cos                           0x08003608   Section        0  cos_i.o(i.__kernel_cos)
    i.__kernel_poly                          0x08003778   Section        0  poly.o(i.__kernel_poly)
    i.__kernel_sin                           0x08003870   Section        0  sin_i.o(i.__kernel_sin)
    i.__mathlib_dbl_infnan                   0x080039a0   Section        0  dunder.o(i.__mathlib_dbl_infnan)
    i.__mathlib_dbl_invalid                  0x080039b8   Section        0  dunder.o(i.__mathlib_dbl_invalid)
    i.__mathlib_dbl_underflow                0x080039d8   Section        0  dunder.o(i.__mathlib_dbl_underflow)
    i._sys_exit                              0x080039f8   Section        0  usart.o(i._sys_exit)
    i.fabs                                   0x080039fa   Section        0  fabs.o(i.fabs)
    i.fputc                                  0x08003a14   Section        0  usart.o(i.fputc)
    i.get_GyroData                           0x08003a2c   Section        0  base.o(i.get_GyroData)
    i.main                                   0x08003a64   Section        0  main.o(i.main)
    x$fpl$basic                              0x08003b04   Section       24  basic.o(x$fpl$basic)
    $v0                                      0x08003b04   Number         0  basic.o(x$fpl$basic)
    x$fpl$d2f                                0x08003b1c   Section       98  d2f.o(x$fpl$d2f)
    $v0                                      0x08003b1c   Number         0  d2f.o(x$fpl$d2f)
    x$fpl$dadd                               0x08003b80   Section      336  daddsub_clz.o(x$fpl$dadd)
    $v0                                      0x08003b80   Number         0  daddsub_clz.o(x$fpl$dadd)
    _dadd1                                   0x08003b91   Thumb Code     0  daddsub_clz.o(x$fpl$dadd)
    x$fpl$dcmpinf                            0x08003cd0   Section       24  dcmpi.o(x$fpl$dcmpinf)
    $v0                                      0x08003cd0   Number         0  dcmpi.o(x$fpl$dcmpinf)
    x$fpl$ddiv                               0x08003ce8   Section      688  ddiv.o(x$fpl$ddiv)
    $v0                                      0x08003ce8   Number         0  ddiv.o(x$fpl$ddiv)
    ddiv_entry                               0x08003cef   Thumb Code     0  ddiv.o(x$fpl$ddiv)
    x$fpl$dfix                               0x08003f98   Section       94  dfix.o(x$fpl$dfix)
    $v0                                      0x08003f98   Number         0  dfix.o(x$fpl$dfix)
    x$fpl$dflt                               0x08003ff6   Section       46  dflt_clz.o(x$fpl$dflt)
    $v0                                      0x08003ff6   Number         0  dflt_clz.o(x$fpl$dflt)
    x$fpl$dfltu                              0x08004024   Section       38  dflt_clz.o(x$fpl$dfltu)
    $v0                                      0x08004024   Number         0  dflt_clz.o(x$fpl$dfltu)
    x$fpl$dleqf                              0x0800404c   Section      120  dleqf.o(x$fpl$dleqf)
    $v0                                      0x0800404c   Number         0  dleqf.o(x$fpl$dleqf)
    x$fpl$dmul                               0x080040c4   Section      340  dmul.o(x$fpl$dmul)
    $v0                                      0x080040c4   Number         0  dmul.o(x$fpl$dmul)
    x$fpl$dnaninf                            0x08004218   Section      156  dnaninf.o(x$fpl$dnaninf)
    $v0                                      0x08004218   Number         0  dnaninf.o(x$fpl$dnaninf)
    x$fpl$dretinf                            0x080042b4   Section       12  dretinf.o(x$fpl$dretinf)
    $v0                                      0x080042b4   Number         0  dretinf.o(x$fpl$dretinf)
    x$fpl$drleqf                             0x080042c0   Section      108  drleqf.o(x$fpl$drleqf)
    $v0                                      0x080042c0   Number         0  drleqf.o(x$fpl$drleqf)
    x$fpl$drsb                               0x0800432c   Section       22  daddsub_clz.o(x$fpl$drsb)
    $v0                                      0x0800432c   Number         0  daddsub_clz.o(x$fpl$drsb)
    x$fpl$dsub                               0x08004344   Section      468  daddsub_clz.o(x$fpl$dsub)
    $v0                                      0x08004344   Number         0  daddsub_clz.o(x$fpl$dsub)
    _dsub1                                   0x08004355   Thumb Code     0  daddsub_clz.o(x$fpl$dsub)
    x$fpl$f2d                                0x08004518   Section       86  f2d.o(x$fpl$f2d)
    $v0                                      0x08004518   Number         0  f2d.o(x$fpl$f2d)
    x$fpl$fnaninf                            0x0800456e   Section      140  fnaninf.o(x$fpl$fnaninf)
    $v0                                      0x0800456e   Number         0  fnaninf.o(x$fpl$fnaninf)
    x$fpl$fpinit                             0x080045fa   Section       10  fpinit.o(x$fpl$fpinit)
    $v0                                      0x080045fa   Number         0  fpinit.o(x$fpl$fpinit)
    x$fpl$fretinf                            0x08004604   Section       10  fretinf.o(x$fpl$fretinf)
    $v0                                      0x08004604   Number         0  fretinf.o(x$fpl$fretinf)
    .constdata                               0x0800460e   Section        8  stm32f4xx_hal_dma.o(.constdata)
    x$fpl$usenofp                            0x0800460e   Section        0  usenofp.o(x$fpl$usenofp)
    flagBitshiftOffset                       0x0800460e   Data           8  stm32f4xx_hal_dma.o(.constdata)
    .constdata                               0x08004616   Section       16  system_stm32f4xx.o(.constdata)
    .constdata                               0x08004626   Section        8  system_stm32f4xx.o(.constdata)
    .constdata                               0x08004630   Section       48  cos_i.o(.constdata)
    C                                        0x08004630   Data          48  cos_i.o(.constdata)
    .constdata                               0x08004660   Section      200  rred.o(.constdata)
    pio2s                                    0x08004660   Data          48  rred.o(.constdata)
    twooverpi                                0x08004690   Data         152  rred.o(.constdata)
    .constdata                               0x08004728   Section       40  sin_i.o(.constdata)
    S                                        0x08004728   Data          40  sin_i.o(.constdata)
    .data                                    0x20000000   Section       16  base.o(.data)
    .data                                    0x20000010   Section     1244  rm3508.o(.data)
    .data                                    0x200004ec   Section        4  rm3508.o(.data)
    .data                                    0x200004f0   Section        4  main.o(.data)
    .data                                    0x200004f4   Section        4  main.o(.data)
    .data                                    0x200004f8   Section       12  main.o(.data)
    .data                                    0x20000504   Section        1  main.o(.data)
    .data                                    0x20000508   Section        4  main.o(.data)
    .data                                    0x2000050c   Section        4  main.o(.data)
    .data                                    0x20000510   Section        4  main.o(.data)
    .data                                    0x20000514   Section        4  can.o(.data)
    HAL_RCC_CAN1_CLK_ENABLED                 0x20000514   Data           4  can.o(.data)
    .data                                    0x20000518   Section        4  usart.o(.data)
    .data                                    0x2000051c   Section       12  stm32f4xx_hal.o(.data)
    .data                                    0x20000528   Section        4  system_stm32f4xx.o(.data)
    .bss                                     0x2000052c   Section      152  rm3508.o(.bss)
    RM3508_base                              0x2000052c   Data          32  rm3508.o(.bss)
    RM3508tmp_pre                            0x2000054c   Data          32  rm3508.o(.bss)
    .bss                                     0x200005c4   Section      510  main.o(.bss)
    .bss                                     0x200007c2   Section       10  main.o(.bss)
    .bss                                     0x200007cc   Section       80  can.o(.bss)
    .bss                                     0x2000081c   Section      520  usart.o(.bss)
    .bss                                     0x20000a24   Section       96  libspace.o(.bss)
    HEAP                                     0x20000a88   Section      512  startup_stm32f405xx.o(HEAP)
    Heap_Mem                                 0x20000a88   Data         512  startup_stm32f405xx.o(HEAP)
    STACK                                    0x20000c88   Section     1024  startup_stm32f405xx.o(STACK)
    Stack_Mem                                0x20000c88   Data        1024  startup_stm32f405xx.o(STACK)
    __initial_sp                             0x20001088   Data           0  startup_stm32f405xx.o(STACK)

    Global Symbols

    Symbol Name                              Value     Ov Type        Size  Object(Section)

    BuildAttributes$$THM_ISAv4$E$P$D$K$B$S$7EM$VFPi3$EXTD16$VFPS$VFMA$PE$A:L22UL41UL21$X:L11$S22US41US21$IEEE1$IW$USESV6$~STKCKD$USESV7$~SHL$OTIME$ROPI$IEEEX$EBA8$UX$STANDARDLIB$REQ8$PRES8$EABIv2 0x00000000   Number         0  anon$$obj.o ABSOLUTE
    __ARM_use_no_argv                        0x00000000   Number         0  main.o ABSOLUTE
    __ARM_exceptions_init                     - Undefined Weak Reference
    __alloca_initialize                       - Undefined Weak Reference
    __arm_fini_                               - Undefined Weak Reference
    __arm_preinit_                            - Undefined Weak Reference
    __cpp_initialize__aeabi_                  - Undefined Weak Reference
    __cxa_finalize                            - Undefined Weak Reference
    __rt_locale                               - Undefined Weak Reference
    __sigvec_lookup                           - Undefined Weak Reference
    _atexit_init                              - Undefined Weak Reference
    _call_atexit_fns                          - Undefined Weak Reference
    _clock_init                               - Undefined Weak Reference
    _fp_trap_init                             - Undefined Weak Reference
    _fp_trap_shutdown                         - Undefined Weak Reference
    _get_lc_collate                           - Undefined Weak Reference
    _get_lc_ctype                             - Undefined Weak Reference
    _get_lc_monetary                          - Undefined Weak Reference
    _get_lc_numeric                           - Undefined Weak Reference
    _get_lc_time                              - Undefined Weak Reference
    _getenv_init                              - Undefined Weak Reference
    _handle_redirection                       - Undefined Weak Reference
    _init_alloc                               - Undefined Weak Reference
    _init_user_alloc                          - Undefined Weak Reference
    _initio                                   - Undefined Weak Reference
    _mutex_acquire                            - Undefined Weak Reference
    _mutex_release                            - Undefined Weak Reference
    _printf_post_padding                      - Undefined Weak Reference
    _printf_pre_padding                       - Undefined Weak Reference
    _printf_truncate_signed                   - Undefined Weak Reference
    _printf_truncate_unsigned                 - Undefined Weak Reference
    _rand_init                                - Undefined Weak Reference
    _signal_finish                            - Undefined Weak Reference
    _signal_init                              - Undefined Weak Reference
    _terminate_alloc                          - Undefined Weak Reference
    _terminate_user_alloc                     - Undefined Weak Reference
    _terminateio                              - Undefined Weak Reference
    __Vectors_Size                           0x00000188   Number         0  startup_stm32f405xx.o ABSOLUTE
    __Vectors                                0x08000000   Data           4  startup_stm32f405xx.o(RESET)
    __Vectors_End                            0x08000188   Data           0  startup_stm32f405xx.o(RESET)
    __main                                   0x08000189   Thumb Code     8  __main.o(!!!main)
    __scatterload                            0x08000191   Thumb Code     0  __scatter.o(!!!scatter)
    __scatterload_rt2                        0x08000191   Thumb Code    44  __scatter.o(!!!scatter)
    __scatterload_rt2_thumb_only             0x08000191   Thumb Code     0  __scatter.o(!!!scatter)
    __scatterload_null                       0x0800019f   Thumb Code     0  __scatter.o(!!!scatter)
    __decompress                             0x080001c5   Thumb Code    90  __dczerorl2.o(!!dczerorl2)
    __decompress1                            0x080001c5   Thumb Code     0  __dczerorl2.o(!!dczerorl2)
    __scatterload_zeroinit                   0x08000221   Thumb Code    28  __scatter_zi.o(!!handler_zi)
    _printf_d                                0x0800023d   Thumb Code     0  _printf_d.o(.ARM.Collect$$_printf_percent$$00000009)
    _printf_percent                          0x0800023d   Thumb Code     0  _printf_percent.o(.ARM.Collect$$_printf_percent$$00000000)
    _printf_percent_end                      0x08000243   Thumb Code     0  _printf_percent_end.o(.ARM.Collect$$_printf_percent$$00000017)
    __rt_lib_init                            0x08000247   Thumb Code     0  libinit.o(.ARM.Collect$$libinit$$00000000)
    __rt_lib_init_fp_1                       0x08000249   Thumb Code     0  libinit2.o(.ARM.Collect$$libinit$$00000001)
    __rt_lib_init_alloca_1                   0x0800024d   Thumb Code     0  libinit2.o(.ARM.Collect$$libinit$$0000002E)
    __rt_lib_init_argv_1                     0x0800024d   Thumb Code     0  libinit2.o(.ARM.Collect$$libinit$$0000002C)
    __rt_lib_init_atexit_1                   0x0800024d   Thumb Code     0  libinit2.o(.ARM.Collect$$libinit$$0000001B)
    __rt_lib_init_clock_1                    0x0800024d   Thumb Code     0  libinit2.o(.ARM.Collect$$libinit$$00000021)
    __rt_lib_init_cpp_1                      0x0800024d   Thumb Code     0  libinit2.o(.ARM.Collect$$libinit$$00000032)
    __rt_lib_init_exceptions_1               0x0800024d   Thumb Code     0  libinit2.o(.ARM.Collect$$libinit$$00000030)
    __rt_lib_init_fp_trap_1                  0x0800024d   Thumb Code     0  libinit2.o(.ARM.Collect$$libinit$$0000001F)
    __rt_lib_init_getenv_1                   0x0800024d   Thumb Code     0  libinit2.o(.ARM.Collect$$libinit$$00000023)
    __rt_lib_init_heap_1                     0x0800024d   Thumb Code     0  libinit2.o(.ARM.Collect$$libinit$$0000000A)
    __rt_lib_init_lc_collate_1               0x0800024d   Thumb Code     0  libinit2.o(.ARM.Collect$$libinit$$00000011)
    __rt_lib_init_lc_ctype_1                 0x0800024d   Thumb Code     0  libinit2.o(.ARM.Collect$$libinit$$00000013)
    __rt_lib_init_lc_monetary_1              0x0800024d   Thumb Code     0  libinit2.o(.ARM.Collect$$libinit$$00000015)
    __rt_lib_init_lc_numeric_1               0x0800024d   Thumb Code     0  libinit2.o(.ARM.Collect$$libinit$$00000017)
    __rt_lib_init_lc_time_1                  0x0800024d   Thumb Code     0  libinit2.o(.ARM.Collect$$libinit$$00000019)
    __rt_lib_init_preinit_1                  0x0800024d   Thumb Code     0  libinit2.o(.ARM.Collect$$libinit$$00000004)
    __rt_lib_init_rand_1                     0x0800024d   Thumb Code     0  libinit2.o(.ARM.Collect$$libinit$$0000000E)
    __rt_lib_init_return                     0x0800024d   Thumb Code     0  libinit2.o(.ARM.Collect$$libinit$$00000033)
    __rt_lib_init_signal_1                   0x0800024d   Thumb Code     0  libinit2.o(.ARM.Collect$$libinit$$0000001D)
    __rt_lib_init_stdio_1                    0x0800024d   Thumb Code     0  libinit2.o(.ARM.Collect$$libinit$$00000025)
    __rt_lib_init_user_alloc_1               0x0800024d   Thumb Code     0  libinit2.o(.ARM.Collect$$libinit$$0000000C)
    __rt_lib_shutdown                        0x0800024f   Thumb Code     0  libshutdown.o(.ARM.Collect$$libshutdown$$00000000)
    __rt_lib_shutdown_cpp_1                  0x08000251   Thumb Code     0  libshutdown2.o(.ARM.Collect$$libshutdown$$00000004)
    __rt_lib_shutdown_fini_1                 0x08000251   Thumb Code     0  libshutdown2.o(.ARM.Collect$$libshutdown$$00000002)
    __rt_lib_shutdown_fp_trap_1              0x08000251   Thumb Code     0  libshutdown2.o(.ARM.Collect$$libshutdown$$00000009)
    __rt_lib_shutdown_heap_1                 0x08000251   Thumb Code     0  libshutdown2.o(.ARM.Collect$$libshutdown$$00000011)
    __rt_lib_shutdown_return                 0x08000251   Thumb Code     0  libshutdown2.o(.ARM.Collect$$libshutdown$$00000012)
    __rt_lib_shutdown_signal_1               0x08000251   Thumb Code     0  libshutdown2.o(.ARM.Collect$$libshutdown$$0000000C)
    __rt_lib_shutdown_stdio_1                0x08000251   Thumb Code     0  libshutdown2.o(.ARM.Collect$$libshutdown$$00000006)
    __rt_lib_shutdown_user_alloc_1           0x08000251   Thumb Code     0  libshutdown2.o(.ARM.Collect$$libshutdown$$0000000E)
    __rt_entry                               0x08000253   Thumb Code     0  __rtentry.o(.ARM.Collect$$rtentry$$00000000)
    __rt_entry_presh_1                       0x08000253   Thumb Code     0  __rtentry2.o(.ARM.Collect$$rtentry$$00000002)
    __rt_entry_sh                            0x08000253   Thumb Code     0  __rtentry4.o(.ARM.Collect$$rtentry$$00000004)
    __rt_entry_li                            0x08000259   Thumb Code     0  __rtentry2.o(.ARM.Collect$$rtentry$$0000000A)
    __rt_entry_postsh_1                      0x08000259   Thumb Code     0  __rtentry2.o(.ARM.Collect$$rtentry$$00000009)
    __rt_entry_main                          0x0800025d   Thumb Code     0  __rtentry2.o(.ARM.Collect$$rtentry$$0000000D)
    __rt_entry_postli_1                      0x0800025d   Thumb Code     0  __rtentry2.o(.ARM.Collect$$rtentry$$0000000C)
    __rt_exit                                0x08000265   Thumb Code     0  rtexit.o(.ARM.Collect$$rtexit$$00000000)
    __rt_exit_ls                             0x08000267   Thumb Code     0  rtexit2.o(.ARM.Collect$$rtexit$$00000003)
    __rt_exit_prels_1                        0x08000267   Thumb Code     0  rtexit2.o(.ARM.Collect$$rtexit$$00000002)
    __rt_exit_exit                           0x0800026b   Thumb Code     0  rtexit2.o(.ARM.Collect$$rtexit$$00000004)
    Reset_Handler                            0x08000271   Thumb Code     8  startup_stm32f405xx.o(.text)
    ADC_IRQHandler                           0x0800028b   Thumb Code     0  startup_stm32f405xx.o(.text)
    CAN1_RX0_IRQHandler                      0x0800028b   Thumb Code     0  startup_stm32f405xx.o(.text)
    CAN1_TX_IRQHandler                       0x0800028b   Thumb Code     0  startup_stm32f405xx.o(.text)
    CAN2_RX1_IRQHandler                      0x0800028b   Thumb Code     0  startup_stm32f405xx.o(.text)
    CAN2_TX_IRQHandler                       0x0800028b   Thumb Code     0  startup_stm32f405xx.o(.text)
    DMA1_Stream0_IRQHandler                  0x0800028b   Thumb Code     0  startup_stm32f405xx.o(.text)
    DMA1_Stream1_IRQHandler                  0x0800028b   Thumb Code     0  startup_stm32f405xx.o(.text)
    DMA1_Stream3_IRQHandler                  0x0800028b   Thumb Code     0  startup_stm32f405xx.o(.text)
    DMA1_Stream7_IRQHandler                  0x0800028b   Thumb Code     0  startup_stm32f405xx.o(.text)
    DMA2_Stream0_IRQHandler                  0x0800028b   Thumb Code     0  startup_stm32f405xx.o(.text)
    DMA2_Stream1_IRQHandler                  0x0800028b   Thumb Code     0  startup_stm32f405xx.o(.text)
    DMA2_Stream2_IRQHandler                  0x0800028b   Thumb Code     0  startup_stm32f405xx.o(.text)
    DMA2_Stream3_IRQHandler                  0x0800028b   Thumb Code     0  startup_stm32f405xx.o(.text)
    DMA2_Stream4_IRQHandler                  0x0800028b   Thumb Code     0  startup_stm32f405xx.o(.text)
    DMA2_Stream5_IRQHandler                  0x0800028b   Thumb Code     0  startup_stm32f405xx.o(.text)
    DMA2_Stream6_IRQHandler                  0x0800028b   Thumb Code     0  startup_stm32f405xx.o(.text)
    DMA2_Stream7_IRQHandler                  0x0800028b   Thumb Code     0  startup_stm32f405xx.o(.text)
    EXTI0_IRQHandler                         0x0800028b   Thumb Code     0  startup_stm32f405xx.o(.text)
    EXTI15_10_IRQHandler                     0x0800028b   Thumb Code     0  startup_stm32f405xx.o(.text)
    EXTI1_IRQHandler                         0x0800028b   Thumb Code     0  startup_stm32f405xx.o(.text)
    EXTI2_IRQHandler                         0x0800028b   Thumb Code     0  startup_stm32f405xx.o(.text)
    EXTI3_IRQHandler                         0x0800028b   Thumb Code     0  startup_stm32f405xx.o(.text)
    EXTI4_IRQHandler                         0x0800028b   Thumb Code     0  startup_stm32f405xx.o(.text)
    EXTI9_5_IRQHandler                       0x0800028b   Thumb Code     0  startup_stm32f405xx.o(.text)
    FLASH_IRQHandler                         0x0800028b   Thumb Code     0  startup_stm32f405xx.o(.text)
    FMC_IRQHandler                           0x0800028b   Thumb Code     0  startup_stm32f405xx.o(.text)
    FPU_IRQHandler                           0x0800028b   Thumb Code     0  startup_stm32f405xx.o(.text)
    HASH_RNG_IRQHandler                      0x0800028b   Thumb Code     0  startup_stm32f405xx.o(.text)
    I2C1_ER_IRQHandler                       0x0800028b   Thumb Code     0  startup_stm32f405xx.o(.text)
    I2C1_EV_IRQHandler                       0x0800028b   Thumb Code     0  startup_stm32f405xx.o(.text)
    I2C2_ER_IRQHandler                       0x0800028b   Thumb Code     0  startup_stm32f405xx.o(.text)
    I2C2_EV_IRQHandler                       0x0800028b   Thumb Code     0  startup_stm32f405xx.o(.text)
    I2C3_ER_IRQHandler                       0x0800028b   Thumb Code     0  startup_stm32f405xx.o(.text)
    I2C3_EV_IRQHandler                       0x0800028b   Thumb Code     0  startup_stm32f405xx.o(.text)
    OTG_FS_IRQHandler                        0x0800028b   Thumb Code     0  startup_stm32f405xx.o(.text)
    OTG_FS_WKUP_IRQHandler                   0x0800028b   Thumb Code     0  startup_stm32f405xx.o(.text)
    OTG_HS_EP1_IN_IRQHandler                 0x0800028b   Thumb Code     0  startup_stm32f405xx.o(.text)
    OTG_HS_EP1_OUT_IRQHandler                0x0800028b   Thumb Code     0  startup_stm32f405xx.o(.text)
    OTG_HS_IRQHandler                        0x0800028b   Thumb Code     0  startup_stm32f405xx.o(.text)
    OTG_HS_WKUP_IRQHandler                   0x0800028b   Thumb Code     0  startup_stm32f405xx.o(.text)
    PVD_IRQHandler                           0x0800028b   Thumb Code     0  startup_stm32f405xx.o(.text)
    RCC_IRQHandler                           0x0800028b   Thumb Code     0  startup_stm32f405xx.o(.text)
    RTC_Alarm_IRQHandler                     0x0800028b   Thumb Code     0  startup_stm32f405xx.o(.text)
    RTC_WKUP_IRQHandler                      0x0800028b   Thumb Code     0  startup_stm32f405xx.o(.text)
    SDIO_IRQHandler                          0x0800028b   Thumb Code     0  startup_stm32f405xx.o(.text)
    SPI1_IRQHandler                          0x0800028b   Thumb Code     0  startup_stm32f405xx.o(.text)
    SPI2_IRQHandler                          0x0800028b   Thumb Code     0  startup_stm32f405xx.o(.text)
    SPI3_IRQHandler                          0x0800028b   Thumb Code     0  startup_stm32f405xx.o(.text)
    TAMP_STAMP_IRQHandler                    0x0800028b   Thumb Code     0  startup_stm32f405xx.o(.text)
    TIM1_BRK_TIM9_IRQHandler                 0x0800028b   Thumb Code     0  startup_stm32f405xx.o(.text)
    TIM1_CC_IRQHandler                       0x0800028b   Thumb Code     0  startup_stm32f405xx.o(.text)
    TIM1_TRG_COM_TIM11_IRQHandler            0x0800028b   Thumb Code     0  startup_stm32f405xx.o(.text)
    TIM1_UP_TIM10_IRQHandler                 0x0800028b   Thumb Code     0  startup_stm32f405xx.o(.text)
    TIM2_IRQHandler                          0x0800028b   Thumb Code     0  startup_stm32f405xx.o(.text)
    TIM3_IRQHandler                          0x0800028b   Thumb Code     0  startup_stm32f405xx.o(.text)
    TIM4_IRQHandler                          0x0800028b   Thumb Code     0  startup_stm32f405xx.o(.text)
    TIM5_IRQHandler                          0x0800028b   Thumb Code     0  startup_stm32f405xx.o(.text)
    TIM6_DAC_IRQHandler                      0x0800028b   Thumb Code     0  startup_stm32f405xx.o(.text)
    TIM7_IRQHandler                          0x0800028b   Thumb Code     0  startup_stm32f405xx.o(.text)
    TIM8_BRK_TIM12_IRQHandler                0x0800028b   Thumb Code     0  startup_stm32f405xx.o(.text)
    TIM8_CC_IRQHandler                       0x0800028b   Thumb Code     0  startup_stm32f405xx.o(.text)
    TIM8_TRG_COM_TIM14_IRQHandler            0x0800028b   Thumb Code     0  startup_stm32f405xx.o(.text)
    TIM8_UP_TIM13_IRQHandler                 0x0800028b   Thumb Code     0  startup_stm32f405xx.o(.text)
    UART5_IRQHandler                         0x0800028b   Thumb Code     0  startup_stm32f405xx.o(.text)
    USART1_IRQHandler                        0x0800028b   Thumb Code     0  startup_stm32f405xx.o(.text)
    USART3_IRQHandler                        0x0800028b   Thumb Code     0  startup_stm32f405xx.o(.text)
    USART6_IRQHandler                        0x0800028b   Thumb Code     0  startup_stm32f405xx.o(.text)
    WWDG_IRQHandler                          0x0800028b   Thumb Code     0  startup_stm32f405xx.o(.text)
    __user_initial_stackheap                 0x0800028d   Thumb Code     0  startup_stm32f405xx.o(.text)
    __use_no_semihosting                     0x080002b1   Thumb Code     2  use_no_semi_2.o(.text)
    __aeabi_uldivmod                         0x080002b3   Thumb Code     0  lludivv7m.o(.text)
    _ll_udiv                                 0x080002b3   Thumb Code   238  lludivv7m.o(.text)
    __2printf                                0x080003a1   Thumb Code    20  noretval__2printf.o(.text)
    __printf                                 0x080003b9   Thumb Code   104  __printf.o(.text)
    _printf_int_dec                          0x08000421   Thumb Code   104  _printf_dec.o(.text)
    __aeabi_memclr4                          0x08000499   Thumb Code     0  rt_memclr_w.o(.text)
    __aeabi_memclr8                          0x08000499   Thumb Code     0  rt_memclr_w.o(.text)
    __rt_memclr_w                            0x08000499   Thumb Code    78  rt_memclr_w.o(.text)
    _memset_w                                0x0800049d   Thumb Code     0  rt_memclr_w.o(.text)
    __use_two_region_memory                  0x080004e7   Thumb Code     2  heapauxi.o(.text)
    __rt_heap_escrow$2region                 0x080004e9   Thumb Code     2  heapauxi.o(.text)
    __rt_heap_expand$2region                 0x080004eb   Thumb Code     2  heapauxi.o(.text)
    __semihosting$guard                      0x080004ed   Thumb Code     0  use_no_semi.o(.text)
    __use_no_semihosting_swi                 0x080004ed   Thumb Code     2  use_no_semi.o(.text)
    __read_errno                             0x080004ef   Thumb Code    10  _rserrno.o(.text)
    __set_errno                              0x080004f9   Thumb Code    12  _rserrno.o(.text)
    _printf_int_common                       0x08000505   Thumb Code   178  _printf_intcommon.o(.text)
    _printf_char_file                        0x080005b9   Thumb Code    32  _printf_char_file.o(.text)
    __aeabi_errno_addr                       0x080005dd   Thumb Code     8  rt_errno_addr_intlibspace.o(.text)
    __errno$intlibspace                      0x080005dd   Thumb Code     0  rt_errno_addr_intlibspace.o(.text)
    __rt_errno_addr$intlibspace              0x080005dd   Thumb Code     0  rt_errno_addr_intlibspace.o(.text)
    _printf_char_common                      0x080005ef   Thumb Code    32  _printf_char_common.o(.text)
    ferror                                   0x08000615   Thumb Code     8  ferror.o(.text)
    __user_libspace                          0x0800061d   Thumb Code     8  libspace.o(.text)
    __user_perproc_libspace                  0x0800061d   Thumb Code     0  libspace.o(.text)
    __user_perthread_libspace                0x0800061d   Thumb Code     0  libspace.o(.text)
    __user_setup_stackheap                   0x08000625   Thumb Code    74  sys_stackheap_outer.o(.text)
    exit                                     0x0800066f   Thumb Code    18  exit.o(.text)
    BusFault_Handler                         0x08000681   Thumb Code     2  stm32f4xx_it.o(i.BusFault_Handler)
    CAN1_RX1_IRQHandler                      0x08000685   Thumb Code     6  stm32f4xx_it.o(i.CAN1_RX1_IRQHandler)
    CAN1_SCE_IRQHandler                      0x08000691   Thumb Code     6  stm32f4xx_it.o(i.CAN1_SCE_IRQHandler)
    CAN2_RX0_IRQHandler                      0x0800069d   Thumb Code     6  stm32f4xx_it.o(i.CAN2_RX0_IRQHandler)
    CAN2_SCE_IRQHandler                      0x080006a9   Thumb Code     6  stm32f4xx_it.o(i.CAN2_SCE_IRQHandler)
    CAN_Init                                 0x080006b5   Thumb Code   120  base.o(i.CAN_Init)
    DMA1_Stream2_IRQHandler                  0x08000735   Thumb Code     6  stm32f4xx_it.o(i.DMA1_Stream2_IRQHandler)
    DMA1_Stream4_IRQHandler                  0x08000741   Thumb Code     6  stm32f4xx_it.o(i.DMA1_Stream4_IRQHandler)
    DMA1_Stream5_IRQHandler                  0x0800074d   Thumb Code     6  stm32f4xx_it.o(i.DMA1_Stream5_IRQHandler)
    DMA1_Stream6_IRQHandler                  0x08000759   Thumb Code     6  stm32f4xx_it.o(i.DMA1_Stream6_IRQHandler)
    DebugMon_Handler                         0x08000809   Thumb Code     2  stm32f4xx_it.o(i.DebugMon_Handler)
    Error_Handler                            0x0800080b   Thumb Code     4  main.o(i.Error_Handler)
    FabsD                                    0x08000811   Thumb Code    72  rm3508.o(i.FabsD)
    HAL_CAN_ActivateNotification             0x08000861   Thumb Code    36  stm32f4xx_hal_can.o(i.HAL_CAN_ActivateNotification)
    HAL_CAN_AddTxMessage                     0x08000885   Thumb Code   220  stm32f4xx_hal_can.o(i.HAL_CAN_AddTxMessage)
    HAL_CAN_ConfigFilter                     0x08000961   Thumb Code   262  stm32f4xx_hal_can.o(i.HAL_CAN_ConfigFilter)
    HAL_CAN_ErrorCallback                    0x08000a6d   Thumb Code     2  stm32f4xx_hal_can.o(i.HAL_CAN_ErrorCallback)
    HAL_CAN_GetRxMessage                     0x08000a6f   Thumb Code   232  stm32f4xx_hal_can.o(i.HAL_CAN_GetRxMessage)
    HAL_CAN_GetTxMailboxesFreeLevel          0x08000b57   Thumb Code    44  stm32f4xx_hal_can.o(i.HAL_CAN_GetTxMailboxesFreeLevel)
    HAL_CAN_IRQHandler                       0x08000b83   Thumb Code   508  stm32f4xx_hal_can.o(i.HAL_CAN_IRQHandler)
    HAL_CAN_Init                             0x08000d7f   Thumb Code   282  stm32f4xx_hal_can.o(i.HAL_CAN_Init)
    HAL_CAN_MspInit                          0x08000e99   Thumb Code   264  can.o(i.HAL_CAN_MspInit)
    HAL_CAN_RxFifo0FullCallback              0x08000fb9   Thumb Code     2  stm32f4xx_hal_can.o(i.HAL_CAN_RxFifo0FullCallback)
    HAL_CAN_RxFifo0MsgPendingCallback        0x08000fbd   Thumb Code    54  base.o(i.HAL_CAN_RxFifo0MsgPendingCallback)
    HAL_CAN_RxFifo1FullCallback              0x08000ff9   Thumb Code     2  stm32f4xx_hal_can.o(i.HAL_CAN_RxFifo1FullCallback)
    HAL_CAN_RxFifo1MsgPendingCallback        0x08000ffd   Thumb Code    56  base.o(i.HAL_CAN_RxFifo1MsgPendingCallback)
    HAL_CAN_SleepCallback                    0x08001039   Thumb Code     2  stm32f4xx_hal_can.o(i.HAL_CAN_SleepCallback)
    HAL_CAN_Start                            0x0800103d   Thumb Code    88  stm32f4xx_hal_can.o(i.HAL_CAN_Start)
    HAL_CAN_TxMailbox0AbortCallback          0x08001095   Thumb Code     2  stm32f4xx_hal_can.o(i.HAL_CAN_TxMailbox0AbortCallback)
    HAL_CAN_TxMailbox0CompleteCallback       0x08001097   Thumb Code     2  stm32f4xx_hal_can.o(i.HAL_CAN_TxMailbox0CompleteCallback)
    HAL_CAN_TxMailbox1AbortCallback          0x08001099   Thumb Code     2  stm32f4xx_hal_can.o(i.HAL_CAN_TxMailbox1AbortCallback)
    HAL_CAN_TxMailbox1CompleteCallback       0x0800109b   Thumb Code     2  stm32f4xx_hal_can.o(i.HAL_CAN_TxMailbox1CompleteCallback)
    HAL_CAN_TxMailbox2AbortCallback          0x0800109d   Thumb Code     2  stm32f4xx_hal_can.o(i.HAL_CAN_TxMailbox2AbortCallback)
    HAL_CAN_TxMailbox2CompleteCallback       0x0800109f   Thumb Code     2  stm32f4xx_hal_can.o(i.HAL_CAN_TxMailbox2CompleteCallback)
    HAL_CAN_WakeUpFromRxMsgCallback          0x080010a1   Thumb Code     2  stm32f4xx_hal_can.o(i.HAL_CAN_WakeUpFromRxMsgCallback)
    HAL_DMA_Abort                            0x080010a3   Thumb Code   146  stm32f4xx_hal_dma.o(i.HAL_DMA_Abort)
    HAL_DMA_Abort_IT                         0x08001135   Thumb Code    36  stm32f4xx_hal_dma.o(i.HAL_DMA_Abort_IT)
    HAL_DMA_IRQHandler                       0x08001159   Thumb Code   412  stm32f4xx_hal_dma.o(i.HAL_DMA_IRQHandler)
    HAL_DMA_Init                             0x080012f9   Thumb Code   206  stm32f4xx_hal_dma.o(i.HAL_DMA_Init)
    HAL_DMA_Start_IT                         0x080013cd   Thumb Code   110  stm32f4xx_hal_dma.o(i.HAL_DMA_Start_IT)
    HAL_Delay                                0x0800143d   Thumb Code    32  stm32f4xx_hal.o(i.HAL_Delay)
    HAL_GPIO_Init                            0x08001461   Thumb Code   450  stm32f4xx_hal_gpio.o(i.HAL_GPIO_Init)
    HAL_GPIO_TogglePin                       0x08001651   Thumb Code    16  stm32f4xx_hal_gpio.o(i.HAL_GPIO_TogglePin)
    HAL_GPIO_WritePin                        0x08001661   Thumb Code    10  stm32f4xx_hal_gpio.o(i.HAL_GPIO_WritePin)
    HAL_GetTick                              0x0800166d   Thumb Code     6  stm32f4xx_hal.o(i.HAL_GetTick)
    HAL_IncTick                              0x08001679   Thumb Code    12  stm32f4xx_hal.o(i.HAL_IncTick)
    HAL_Init                                 0x08001689   Thumb Code    48  stm32f4xx_hal.o(i.HAL_Init)
    HAL_InitTick                             0x080016bd   Thumb Code    54  stm32f4xx_hal.o(i.HAL_InitTick)
    HAL_MspInit                              0x080016fd   Thumb Code    42  stm32f4xx_hal_msp.o(i.HAL_MspInit)
    HAL_NVIC_EnableIRQ                       0x0800172d   Thumb Code    26  stm32f4xx_hal_cortex.o(i.HAL_NVIC_EnableIRQ)
    HAL_NVIC_SetPriority                     0x08001749   Thumb Code    60  stm32f4xx_hal_cortex.o(i.HAL_NVIC_SetPriority)
    HAL_NVIC_SetPriorityGrouping             0x08001789   Thumb Code    26  stm32f4xx_hal_cortex.o(i.HAL_NVIC_SetPriorityGrouping)
    HAL_RCC_ClockConfig                      0x080017ad   Thumb Code   288  stm32f4xx_hal_rcc.o(i.HAL_RCC_ClockConfig)
    HAL_RCC_GetPCLK1Freq                     0x080018e1   Thumb Code    20  stm32f4xx_hal_rcc.o(i.HAL_RCC_GetPCLK1Freq)
    HAL_RCC_GetPCLK2Freq                     0x08001901   Thumb Code    20  stm32f4xx_hal_rcc.o(i.HAL_RCC_GetPCLK2Freq)
    HAL_RCC_GetSysClockFreq                  0x08001921   Thumb Code    88  stm32f4xx_hal_rcc.o(i.HAL_RCC_GetSysClockFreq)
    HAL_RCC_OscConfig                        0x08001985   Thumb Code   856  stm32f4xx_hal_rcc.o(i.HAL_RCC_OscConfig)
    HAL_SYSTICK_Config                       0x08001cf1   Thumb Code    40  stm32f4xx_hal_cortex.o(i.HAL_SYSTICK_Config)
    HAL_UARTEx_RxEventCallback               0x08001d19   Thumb Code     2  stm32f4xx_hal_uart.o(i.HAL_UARTEx_RxEventCallback)
    HAL_UART_DMAStop                         0x08001d1b   Thumb Code   112  stm32f4xx_hal_uart.o(i.HAL_UART_DMAStop)
    HAL_UART_ErrorCallback                   0x08001d8b   Thumb Code     2  stm32f4xx_hal_uart.o(i.HAL_UART_ErrorCallback)
    HAL_UART_IRQHandler                      0x08001d8d   Thumb Code   610  stm32f4xx_hal_uart.o(i.HAL_UART_IRQHandler)
    HAL_UART_Init                            0x08001ff5   Thumb Code    98  stm32f4xx_hal_uart.o(i.HAL_UART_Init)
    HAL_UART_MspInit                         0x08002059   Thumb Code   384  usart.o(i.HAL_UART_MspInit)
    HAL_UART_Receive                         0x080021f5   Thumb Code   192  stm32f4xx_hal_uart.o(i.HAL_UART_Receive)
    HAL_UART_Receive_DMA                     0x080022b5   Thumb Code    42  stm32f4xx_hal_uart.o(i.HAL_UART_Receive_DMA)
    HAL_UART_RxCpltCallback                  0x080022e1   Thumb Code    24  base.o(i.HAL_UART_RxCpltCallback)
    HAL_UART_RxHalfCpltCallback              0x08002301   Thumb Code     2  stm32f4xx_hal_uart.o(i.HAL_UART_RxHalfCpltCallback)
    HAL_UART_TxCpltCallback                  0x08002303   Thumb Code     2  stm32f4xx_hal_uart.o(i.HAL_UART_TxCpltCallback)
    HandleStringSpeed                        0x08002305   Thumb Code   232  base.o(i.HandleStringSpeed)
    HardFault_Handler                        0x08002415   Thumb Code     2  stm32f4xx_it.o(i.HardFault_Handler)
    MX_CAN1_Init                             0x08002419   Thumb Code    60  can.o(i.MX_CAN1_Init)
    MX_CAN2_Init                             0x0800245d   Thumb Code    60  can.o(i.MX_CAN2_Init)
    MX_DMA_Init                              0x080024a1   Thumb Code    88  dma.o(i.MX_DMA_Init)
    MX_GPIO_Init                             0x080024fd   Thumb Code   116  gpio.o(i.MX_GPIO_Init)
    MX_UART4_Init                            0x08002579   Thumb Code    48  usart.o(i.MX_UART4_Init)
    MX_USART2_UART_Init                      0x080025b1   Thumb Code    48  usart.o(i.MX_USART2_UART_Init)
    MemManage_Handler                        0x080025e9   Thumb Code     2  stm32f4xx_it.o(i.MemManage_Handler)
    NMI_Handler                              0x080025eb   Thumb Code     2  stm32f4xx_it.o(i.NMI_Handler)
    PendSV_Handler                           0x080025ed   Thumb Code     2  stm32f4xx_it.o(i.PendSV_Handler)
    RM3508_CAN_Send_Data                     0x080025ef   Thumb Code    58  rm3508.o(i.RM3508_CAN_Send_Data)
    RM3508_Get_Feedback                      0x08002629   Thumb Code    48  rm3508.o(i.RM3508_Get_Feedback)
    RM3508_Get_Speed                         0x0800265d   Thumb Code    34  rm3508.o(i.RM3508_Get_Speed)
    RM3508_Pos_Rec                           0x08002689   Thumb Code    98  rm3508.o(i.RM3508_Pos_Rec)
    RM3508_Set_I                             0x080026f1   Thumb Code    94  rm3508.o(i.RM3508_Set_I)
    RM3508_Set_Speed                         0x0800275d   Thumb Code   314  rm3508.o(i.RM3508_Set_Speed)
    SVC_Handler                              0x080028a1   Thumb Code     2  stm32f4xx_it.o(i.SVC_Handler)
    Speed_Robot_Coordinate                   0x080028a5   Thumb Code   240  rm3508.o(i.Speed_Robot_Coordinate)
    SysTick_Handler                          0x080029a5   Thumb Code     4  stm32f4xx_it.o(i.SysTick_Handler)
    SystemClock_Config                       0x080029a9   Thumb Code   138  main.o(i.SystemClock_Config)
    SystemInit                               0x08002a3d   Thumb Code    12  system_stm32f4xx.o(i.SystemInit)
    UART4_IRQHandler                         0x08002a4d   Thumb Code    80  stm32f4xx_it.o(i.UART4_IRQHandler)
    UART_Start_Receive_DMA                   0x08002dfd   Thumb Code   134  stm32f4xx_hal_uart.o(i.UART_Start_Receive_DMA)
    USART2_IRQHandler                        0x08002f09   Thumb Code   176  stm32f4xx_it.o(i.USART2_IRQHandler)
    UsageFault_Handler                       0x08002fed   Thumb Code     2  stm32f4xx_it.o(i.UsageFault_Handler)
    __ARM_fpclassify                         0x08002fef   Thumb Code    48  fpclassify.o(i.__ARM_fpclassify)
    __hardfp_cos                             0x08003041   Thumb Code   180  cos.o(i.__hardfp_cos)
    __hardfp_sin                             0x08003109   Thumb Code   180  sin.o(i.__hardfp_sin)
    __ieee754_rem_pio2                       0x080031d1   Thumb Code   938  rred.o(i.__ieee754_rem_pio2)
    __kernel_cos                             0x08003609   Thumb Code   322  cos_i.o(i.__kernel_cos)
    __kernel_poly                            0x08003779   Thumb Code   248  poly.o(i.__kernel_poly)
    __kernel_sin                             0x08003871   Thumb Code   280  sin_i.o(i.__kernel_sin)
    __mathlib_dbl_infnan                     0x080039a1   Thumb Code    20  dunder.o(i.__mathlib_dbl_infnan)
    __mathlib_dbl_invalid                    0x080039b9   Thumb Code    24  dunder.o(i.__mathlib_dbl_invalid)
    __mathlib_dbl_underflow                  0x080039d9   Thumb Code    24  dunder.o(i.__mathlib_dbl_underflow)
    _sys_exit                                0x080039f9   Thumb Code     2  usart.o(i._sys_exit)
    fabs                                     0x080039fb   Thumb Code    24  fabs.o(i.fabs)
    fputc                                    0x08003a15   Thumb Code    18  usart.o(i.fputc)
    get_GyroData                             0x08003a2d   Thumb Code    42  base.o(i.get_GyroData)
    main                                     0x08003a65   Thumb Code   128  main.o(i.main)
    __aeabi_dneg                             0x08003b05   Thumb Code     0  basic.o(x$fpl$basic)
    _dneg                                    0x08003b05   Thumb Code     6  basic.o(x$fpl$basic)
    __aeabi_fneg                             0x08003b0b   Thumb Code     0  basic.o(x$fpl$basic)
    _fneg                                    0x08003b0b   Thumb Code     6  basic.o(x$fpl$basic)
    _dabs                                    0x08003b11   Thumb Code     6  basic.o(x$fpl$basic)
    _fabs                                    0x08003b17   Thumb Code     6  basic.o(x$fpl$basic)
    __aeabi_d2f                              0x08003b1d   Thumb Code     0  d2f.o(x$fpl$d2f)
    _d2f                                     0x08003b1d   Thumb Code    98  d2f.o(x$fpl$d2f)
    __aeabi_dadd                             0x08003b81   Thumb Code     0  daddsub_clz.o(x$fpl$dadd)
    _dadd                                    0x08003b81   Thumb Code   332  daddsub_clz.o(x$fpl$dadd)
    __fpl_dcmp_Inf                           0x08003cd1   Thumb Code    24  dcmpi.o(x$fpl$dcmpinf)
    __aeabi_ddiv                             0x08003ce9   Thumb Code     0  ddiv.o(x$fpl$ddiv)
    _ddiv                                    0x08003ce9   Thumb Code   552  ddiv.o(x$fpl$ddiv)
    __aeabi_d2iz                             0x08003f99   Thumb Code     0  dfix.o(x$fpl$dfix)
    _dfix                                    0x08003f99   Thumb Code    94  dfix.o(x$fpl$dfix)
    __aeabi_i2d                              0x08003ff7   Thumb Code     0  dflt_clz.o(x$fpl$dflt)
    _dflt                                    0x08003ff7   Thumb Code    46  dflt_clz.o(x$fpl$dflt)
    __aeabi_ui2d                             0x08004025   Thumb Code     0  dflt_clz.o(x$fpl$dfltu)
    _dfltu                                   0x08004025   Thumb Code    38  dflt_clz.o(x$fpl$dfltu)
    __aeabi_cdcmple                          0x0800404d   Thumb Code     0  dleqf.o(x$fpl$dleqf)
    _dcmple                                  0x0800404d   Thumb Code   120  dleqf.o(x$fpl$dleqf)
    __fpl_dcmple_InfNaN                      0x080040af   Thumb Code     0  dleqf.o(x$fpl$dleqf)
    __aeabi_dmul                             0x080040c5   Thumb Code     0  dmul.o(x$fpl$dmul)
    _dmul                                    0x080040c5   Thumb Code   332  dmul.o(x$fpl$dmul)
    __fpl_dnaninf                            0x08004219   Thumb Code   156  dnaninf.o(x$fpl$dnaninf)
    __fpl_dretinf                            0x080042b5   Thumb Code    12  dretinf.o(x$fpl$dretinf)
    __aeabi_cdrcmple                         0x080042c1   Thumb Code     0  drleqf.o(x$fpl$drleqf)
    _drcmple                                 0x080042c1   Thumb Code   108  drleqf.o(x$fpl$drleqf)
    __aeabi_drsub                            0x0800432d   Thumb Code     0  daddsub_clz.o(x$fpl$drsb)
    _drsb                                    0x0800432d   Thumb Code    22  daddsub_clz.o(x$fpl$drsb)
    __aeabi_dsub                             0x08004345   Thumb Code     0  daddsub_clz.o(x$fpl$dsub)
    _dsub                                    0x08004345   Thumb Code   464  daddsub_clz.o(x$fpl$dsub)
    __aeabi_f2d                              0x08004519   Thumb Code     0  f2d.o(x$fpl$f2d)
    _f2d                                     0x08004519   Thumb Code    86  f2d.o(x$fpl$f2d)
    __fpl_fnaninf                            0x0800456f   Thumb Code   140  fnaninf.o(x$fpl$fnaninf)
    _fp_init                                 0x080045fb   Thumb Code    10  fpinit.o(x$fpl$fpinit)
    __fplib_config_fpu_vfp                   0x08004603   Thumb Code     0  fpinit.o(x$fpl$fpinit)
    __fplib_config_pureend_doubles           0x08004603   Thumb Code     0  fpinit.o(x$fpl$fpinit)
    __fpl_fretinf                            0x08004605   Thumb Code    10  fretinf.o(x$fpl$fretinf)
    __I$use$fp                               0x0800460e   Number         0  usenofp.o(x$fpl$usenofp)
    AHBPrescTable                            0x08004616   Data          16  system_stm32f4xx.o(.constdata)
    APBPrescTable                            0x08004626   Data           8  system_stm32f4xx.o(.constdata)
    Region$$Table$$Base                      0x08004750   Number         0  anon$$obj.o(Region$$Table)
    Region$$Table$$Limit                     0x08004770   Number         0  anon$$obj.o(Region$$Table)
    gyro_data                                0x20000000   Data           4  base.o(.data)
    flag                                     0x20000004   Data           4  base.o(.data)
    Rx_USART                                 0x20000008   Data           8  base.o(.data)
    speed_level                              0x20000010   Data           4  rm3508.o(.data)
    RM3508_Sendbuf1                          0x20000014   Data           8  rm3508.o(.data)
    RM3508_Sendbuf2                          0x2000001c   Data           8  rm3508.o(.data)
    M3508_Speed_Pid                          0x20000024   Data         544  rm3508.o(.data)
    M3508_Pos_Pid                            0x20000244   Data         544  rm3508.o(.data)
    M3508_Rot_Pid                            0x20000464   Data         136  rm3508.o(.data)
    Kz                                       0x200004ec   Data           4  rm3508.o(.data)
    Kv                                       0x200004f0   Data           4  main.o(.data)
    flag_circle                              0x200004f4   Data           4  main.o(.data)
    Rx_len                                   0x200004f8   Data           1  main.o(.data)
    Rocker_Vx                                0x200004fc   Data           4  main.o(.data)
    Rocker_Vy                                0x20000500   Data           4  main.o(.data)
    Rx_len_2                                 0x20000504   Data           1  main.o(.data)
    Rotate_Vx                                0x20000508   Data           4  main.o(.data)
    angle_Vision                             0x2000050c   Data           4  main.o(.data)
    distance_Vision                          0x20000510   Data           4  main.o(.data)
    __stdout                                 0x20000518   Data           4  usart.o(.data)
    uwTickFreq                               0x2000051c   Data           1  stm32f4xx_hal.o(.data)
    uwTickPrio                               0x20000520   Data           4  stm32f4xx_hal.o(.data)
    uwTick                                   0x20000524   Data           4  stm32f4xx_hal.o(.data)
    SystemCoreClock                          0x20000528   Data           4  system_stm32f4xx.o(.data)
    RM3508_Feedback_Buf                      0x2000056c   Data          56  rm3508.o(.bss)
    RM3508_Pos                               0x200005a4   Data          32  rm3508.o(.bss)
    ReceiveBuff                              0x200005c4   Data         255  main.o(.bss)
    ReceiveBuff_2                            0x200006c3   Data         255  main.o(.bss)
    VisionData                               0x200007c2   Data          10  main.o(.bss)
    hcan1                                    0x200007cc   Data          40  can.o(.bss)
    hcan2                                    0x200007f4   Data          40  can.o(.bss)
    huart4                                   0x2000081c   Data          68  usart.o(.bss)
    huart2                                   0x20000860   Data          68  usart.o(.bss)
    hdma_uart4_rx                            0x200008a4   Data          96  usart.o(.bss)
    hdma_uart4_tx                            0x20000904   Data          96  usart.o(.bss)
    hdma_usart2_rx                           0x20000964   Data          96  usart.o(.bss)
    hdma_usart2_tx                           0x200009c4   Data          96  usart.o(.bss)
    __libspace_start                         0x20000a24   Data          96  libspace.o(.bss)
    __temporary_stack_top$libspace           0x20000a84   Data           0  libspace.o(.bss)



==============================================================================

Memory Map of the image

  Image Entry point : 0x08000189

  Load Region LR_IROM1 (Base: 0x08000000, Size: 0x00004c9c, Max: 0x00100000, ABSOLUTE, COMPRESSED[0x0000481c])

    Execution Region ER_IROM1 (Exec base: 0x08000000, Load base: 0x08000000, Size: 0x00004770, Max: 0x00100000, ABSOLUTE)

    Exec Addr    Load Addr    Size         Type   Attr      Idx    E Section Name        Object

    0x08000000   0x08000000   0x00000188   Data   RO            3    RESET               startup_stm32f405xx.o
    0x08000188   0x08000188   0x00000008   Code   RO         2625  * !!!main             c_w.l(__main.o)
    0x08000190   0x08000190   0x00000034   Code   RO         2914    !!!scatter          c_w.l(__scatter.o)
    0x080001c4   0x080001c4   0x0000005a   Code   RO         2912    !!dczerorl2         c_w.l(__dczerorl2.o)
    0x0800021e   0x0800021e   0x00000002   PAD
    0x08000220   0x08000220   0x0000001c   Code   RO         2916    !!handler_zi        c_w.l(__scatter_zi.o)
    0x0800023c   0x0800023c   0x00000000   Code   RO         2620    .ARM.Collect$$_printf_percent$$00000000  c_w.l(_printf_percent.o)
    0x0800023c   0x0800023c   0x00000006   Code   RO         2619    .ARM.Collect$$_printf_percent$$00000009  c_w.l(_printf_d.o)
    0x08000242   0x08000242   0x00000004   Code   RO         2692    .ARM.Collect$$_printf_percent$$00000017  c_w.l(_printf_percent_end.o)
    0x08000246   0x08000246   0x00000002   Code   RO         2792    .ARM.Collect$$libinit$$00000000  c_w.l(libinit.o)
    0x08000248   0x08000248   0x00000004   Code   RO         2801    .ARM.Collect$$libinit$$00000001  c_w.l(libinit2.o)
    0x0800024c   0x0800024c   0x00000000   Code   RO         2804    .ARM.Collect$$libinit$$00000004  c_w.l(libinit2.o)
    0x0800024c   0x0800024c   0x00000000   Code   RO         2807    .ARM.Collect$$libinit$$0000000A  c_w.l(libinit2.o)
    0x0800024c   0x0800024c   0x00000000   Code   RO         2809    .ARM.Collect$$libinit$$0000000C  c_w.l(libinit2.o)
    0x0800024c   0x0800024c   0x00000000   Code   RO         2811    .ARM.Collect$$libinit$$0000000E  c_w.l(libinit2.o)
    0x0800024c   0x0800024c   0x00000000   Code   RO         2814    .ARM.Collect$$libinit$$00000011  c_w.l(libinit2.o)
    0x0800024c   0x0800024c   0x00000000   Code   RO         2816    .ARM.Collect$$libinit$$00000013  c_w.l(libinit2.o)
    0x0800024c   0x0800024c   0x00000000   Code   RO         2818    .ARM.Collect$$libinit$$00000015  c_w.l(libinit2.o)
    0x0800024c   0x0800024c   0x00000000   Code   RO         2820    .ARM.Collect$$libinit$$00000017  c_w.l(libinit2.o)
    0x0800024c   0x0800024c   0x00000000   Code   RO         2822    .ARM.Collect$$libinit$$00000019  c_w.l(libinit2.o)
    0x0800024c   0x0800024c   0x00000000   Code   RO         2824    .ARM.Collect$$libinit$$0000001B  c_w.l(libinit2.o)
    0x0800024c   0x0800024c   0x00000000   Code   RO         2826    .ARM.Collect$$libinit$$0000001D  c_w.l(libinit2.o)
    0x0800024c   0x0800024c   0x00000000   Code   RO         2828    .ARM.Collect$$libinit$$0000001F  c_w.l(libinit2.o)
    0x0800024c   0x0800024c   0x00000000   Code   RO         2830    .ARM.Collect$$libinit$$00000021  c_w.l(libinit2.o)
    0x0800024c   0x0800024c   0x00000000   Code   RO         2832    .ARM.Collect$$libinit$$00000023  c_w.l(libinit2.o)
    0x0800024c   0x0800024c   0x00000000   Code   RO         2834    .ARM.Collect$$libinit$$00000025  c_w.l(libinit2.o)
    0x0800024c   0x0800024c   0x00000000   Code   RO         2838    .ARM.Collect$$libinit$$0000002C  c_w.l(libinit2.o)
    0x0800024c   0x0800024c   0x00000000   Code   RO         2840    .ARM.Collect$$libinit$$0000002E  c_w.l(libinit2.o)
    0x0800024c   0x0800024c   0x00000000   Code   RO         2842    .ARM.Collect$$libinit$$00000030  c_w.l(libinit2.o)
    0x0800024c   0x0800024c   0x00000000   Code   RO         2844    .ARM.Collect$$libinit$$00000032  c_w.l(libinit2.o)
    0x0800024c   0x0800024c   0x00000002   Code   RO         2845    .ARM.Collect$$libinit$$00000033  c_w.l(libinit2.o)
    0x0800024e   0x0800024e   0x00000002   Code   RO         2869    .ARM.Collect$$libshutdown$$00000000  c_w.l(libshutdown.o)
    0x08000250   0x08000250   0x00000000   Code   RO         2893    .ARM.Collect$$libshutdown$$00000002  c_w.l(libshutdown2.o)
    0x08000250   0x08000250   0x00000000   Code   RO         2895    .ARM.Collect$$libshutdown$$00000004  c_w.l(libshutdown2.o)
    0x08000250   0x08000250   0x00000000   Code   RO         2897    .ARM.Collect$$libshutdown$$00000006  c_w.l(libshutdown2.o)
    0x08000250   0x08000250   0x00000000   Code   RO         2900    .ARM.Collect$$libshutdown$$00000009  c_w.l(libshutdown2.o)
    0x08000250   0x08000250   0x00000000   Code   RO         2903    .ARM.Collect$$libshutdown$$0000000C  c_w.l(libshutdown2.o)
    0x08000250   0x08000250   0x00000000   Code   RO         2905    .ARM.Collect$$libshutdown$$0000000E  c_w.l(libshutdown2.o)
    0x08000250   0x08000250   0x00000000   Code   RO         2908    .ARM.Collect$$libshutdown$$00000011  c_w.l(libshutdown2.o)
    0x08000250   0x08000250   0x00000002   Code   RO         2909    .ARM.Collect$$libshutdown$$00000012  c_w.l(libshutdown2.o)
    0x08000252   0x08000252   0x00000000   Code   RO         2681    .ARM.Collect$$rtentry$$00000000  c_w.l(__rtentry.o)
    0x08000252   0x08000252   0x00000000   Code   RO         2733    .ARM.Collect$$rtentry$$00000002  c_w.l(__rtentry2.o)
    0x08000252   0x08000252   0x00000006   Code   RO         2745    .ARM.Collect$$rtentry$$00000004  c_w.l(__rtentry4.o)
    0x08000258   0x08000258   0x00000000   Code   RO         2735    .ARM.Collect$$rtentry$$00000009  c_w.l(__rtentry2.o)
    0x08000258   0x08000258   0x00000004   Code   RO         2736    .ARM.Collect$$rtentry$$0000000A  c_w.l(__rtentry2.o)
    0x0800025c   0x0800025c   0x00000000   Code   RO         2738    .ARM.Collect$$rtentry$$0000000C  c_w.l(__rtentry2.o)
    0x0800025c   0x0800025c   0x00000008   Code   RO         2739    .ARM.Collect$$rtentry$$0000000D  c_w.l(__rtentry2.o)
    0x08000264   0x08000264   0x00000002   Code   RO         2793    .ARM.Collect$$rtexit$$00000000  c_w.l(rtexit.o)
    0x08000266   0x08000266   0x00000000   Code   RO         2847    .ARM.Collect$$rtexit$$00000002  c_w.l(rtexit2.o)
    0x08000266   0x08000266   0x00000004   Code   RO         2848    .ARM.Collect$$rtexit$$00000003  c_w.l(rtexit2.o)
    0x0800026a   0x0800026a   0x00000006   Code   RO         2849    .ARM.Collect$$rtexit$$00000004  c_w.l(rtexit2.o)
    0x08000270   0x08000270   0x00000040   Code   RO            4    .text               startup_stm32f405xx.o
    0x080002b0   0x080002b0   0x00000002   Code   RO         2587    .text               c_w.l(use_no_semi_2.o)
    0x080002b2   0x080002b2   0x000000ee   Code   RO         2589    .text               c_w.l(lludivv7m.o)
    0x080003a0   0x080003a0   0x00000018   Code   RO         2593    .text               c_w.l(noretval__2printf.o)
    0x080003b8   0x080003b8   0x00000068   Code   RO         2595    .text               c_w.l(__printf.o)
    0x08000420   0x08000420   0x00000078   Code   RO         2597    .text               c_w.l(_printf_dec.o)
    0x08000498   0x08000498   0x0000004e   Code   RO         2621    .text               c_w.l(rt_memclr_w.o)
    0x080004e6   0x080004e6   0x00000006   Code   RO         2623    .text               c_w.l(heapauxi.o)
    0x080004ec   0x080004ec   0x00000002   Code   RO         2679    .text               c_w.l(use_no_semi.o)
    0x080004ee   0x080004ee   0x00000016   Code   RO         2686    .text               c_w.l(_rserrno.o)
    0x08000504   0x08000504   0x000000b2   Code   RO         2688    .text               c_w.l(_printf_intcommon.o)
    0x080005b6   0x080005b6   0x00000002   PAD
    0x080005b8   0x080005b8   0x00000024   Code   RO         2690    .text               c_w.l(_printf_char_file.o)
    0x080005dc   0x080005dc   0x00000008   Code   RO         2752    .text               c_w.l(rt_errno_addr_intlibspace.o)
    0x080005e4   0x080005e4   0x00000030   Code   RO         2754    .text               c_w.l(_printf_char_common.o)
    0x08000614   0x08000614   0x00000008   Code   RO         2756    .text               c_w.l(ferror.o)
    0x0800061c   0x0800061c   0x00000008   Code   RO         2774    .text               c_w.l(libspace.o)
    0x08000624   0x08000624   0x0000004a   Code   RO         2777    .text               c_w.l(sys_stackheap_outer.o)
    0x0800066e   0x0800066e   0x00000012   Code   RO         2781    .text               c_w.l(exit.o)
    0x08000680   0x08000680   0x00000002   Code   RO          631    i.BusFault_Handler  stm32f4xx_it.o
    0x08000682   0x08000682   0x00000002   PAD
    0x08000684   0x08000684   0x0000000c   Code   RO          632    i.CAN1_RX1_IRQHandler  stm32f4xx_it.o
    0x08000690   0x08000690   0x0000000c   Code   RO          633    i.CAN1_SCE_IRQHandler  stm32f4xx_it.o
    0x0800069c   0x0800069c   0x0000000c   Code   RO          634    i.CAN2_RX0_IRQHandler  stm32f4xx_it.o
    0x080006a8   0x080006a8   0x0000000c   Code   RO          635    i.CAN2_SCE_IRQHandler  stm32f4xx_it.o
    0x080006b4   0x080006b4   0x00000080   Code   RO           13    i.CAN_Init          base.o
    0x08000734   0x08000734   0x0000000c   Code   RO          636    i.DMA1_Stream2_IRQHandler  stm32f4xx_it.o
    0x08000740   0x08000740   0x0000000c   Code   RO          637    i.DMA1_Stream4_IRQHandler  stm32f4xx_it.o
    0x0800074c   0x0800074c   0x0000000c   Code   RO          638    i.DMA1_Stream5_IRQHandler  stm32f4xx_it.o
    0x08000758   0x08000758   0x0000000c   Code   RO          639    i.DMA1_Stream6_IRQHandler  stm32f4xx_it.o
    0x08000764   0x08000764   0x00000028   Code   RO         1484    i.DMA_CalcBaseAndBitshift  stm32f4xx_hal_dma.o
    0x0800078c   0x0800078c   0x00000054   Code   RO         1485    i.DMA_CheckFifoParam  stm32f4xx_hal_dma.o
    0x080007e0   0x080007e0   0x00000028   Code   RO         1486    i.DMA_SetConfig     stm32f4xx_hal_dma.o
    0x08000808   0x08000808   0x00000002   Code   RO          640    i.DebugMon_Handler  stm32f4xx_it.o
    0x0800080a   0x0800080a   0x00000004   Code   RO          397    i.Error_Handler     main.o
    0x0800080e   0x0800080e   0x00000002   PAD
    0x08000810   0x08000810   0x00000050   Code   RO          247    i.FabsD             rm3508.o
    0x08000860   0x08000860   0x00000024   Code   RO          792    i.HAL_CAN_ActivateNotification  stm32f4xx_hal_can.o
    0x08000884   0x08000884   0x000000dc   Code   RO          793    i.HAL_CAN_AddTxMessage  stm32f4xx_hal_can.o
    0x08000960   0x08000960   0x0000010c   Code   RO          794    i.HAL_CAN_ConfigFilter  stm32f4xx_hal_can.o
    0x08000a6c   0x08000a6c   0x00000002   Code   RO          797    i.HAL_CAN_ErrorCallback  stm32f4xx_hal_can.o
    0x08000a6e   0x08000a6e   0x000000e8   Code   RO          800    i.HAL_CAN_GetRxMessage  stm32f4xx_hal_can.o
    0x08000b56   0x08000b56   0x0000002c   Code   RO          802    i.HAL_CAN_GetTxMailboxesFreeLevel  stm32f4xx_hal_can.o
    0x08000b82   0x08000b82   0x000001fc   Code   RO          804    i.HAL_CAN_IRQHandler  stm32f4xx_hal_can.o
    0x08000d7e   0x08000d7e   0x0000011a   Code   RO          805    i.HAL_CAN_Init      stm32f4xx_hal_can.o
    0x08000e98   0x08000e98   0x00000120   Code   RO          482    i.HAL_CAN_MspInit   can.o
    0x08000fb8   0x08000fb8   0x00000002   Code   RO          812    i.HAL_CAN_RxFifo0FullCallback  stm32f4xx_hal_can.o
    0x08000fba   0x08000fba   0x00000002   PAD
    0x08000fbc   0x08000fbc   0x0000003c   Code   RO           14    i.HAL_CAN_RxFifo0MsgPendingCallback  base.o
    0x08000ff8   0x08000ff8   0x00000002   Code   RO          814    i.HAL_CAN_RxFifo1FullCallback  stm32f4xx_hal_can.o
    0x08000ffa   0x08000ffa   0x00000002   PAD
    0x08000ffc   0x08000ffc   0x0000003c   Code   RO           15    i.HAL_CAN_RxFifo1MsgPendingCallback  base.o
    0x08001038   0x08001038   0x00000002   Code   RO          816    i.HAL_CAN_SleepCallback  stm32f4xx_hal_can.o
    0x0800103a   0x0800103a   0x00000002   PAD
    0x0800103c   0x0800103c   0x00000058   Code   RO          817    i.HAL_CAN_Start     stm32f4xx_hal_can.o
    0x08001094   0x08001094   0x00000002   Code   RO          819    i.HAL_CAN_TxMailbox0AbortCallback  stm32f4xx_hal_can.o
    0x08001096   0x08001096   0x00000002   Code   RO          820    i.HAL_CAN_TxMailbox0CompleteCallback  stm32f4xx_hal_can.o
    0x08001098   0x08001098   0x00000002   Code   RO          821    i.HAL_CAN_TxMailbox1AbortCallback  stm32f4xx_hal_can.o
    0x0800109a   0x0800109a   0x00000002   Code   RO          822    i.HAL_CAN_TxMailbox1CompleteCallback  stm32f4xx_hal_can.o
    0x0800109c   0x0800109c   0x00000002   Code   RO          823    i.HAL_CAN_TxMailbox2AbortCallback  stm32f4xx_hal_can.o
    0x0800109e   0x0800109e   0x00000002   Code   RO          824    i.HAL_CAN_TxMailbox2CompleteCallback  stm32f4xx_hal_can.o
    0x080010a0   0x080010a0   0x00000002   Code   RO          826    i.HAL_CAN_WakeUpFromRxMsgCallback  stm32f4xx_hal_can.o
    0x080010a2   0x080010a2   0x00000092   Code   RO         1487    i.HAL_DMA_Abort     stm32f4xx_hal_dma.o
    0x08001134   0x08001134   0x00000024   Code   RO         1488    i.HAL_DMA_Abort_IT  stm32f4xx_hal_dma.o
    0x08001158   0x08001158   0x000001a0   Code   RO         1492    i.HAL_DMA_IRQHandler  stm32f4xx_hal_dma.o
    0x080012f8   0x080012f8   0x000000d4   Code   RO         1493    i.HAL_DMA_Init      stm32f4xx_hal_dma.o
    0x080013cc   0x080013cc   0x0000006e   Code   RO         1497    i.HAL_DMA_Start_IT  stm32f4xx_hal_dma.o
    0x0800143a   0x0800143a   0x00000002   PAD
    0x0800143c   0x0800143c   0x00000024   Code   RO         1906    i.HAL_Delay         stm32f4xx_hal.o
    0x08001460   0x08001460   0x000001f0   Code   RO         1380    i.HAL_GPIO_Init     stm32f4xx_hal_gpio.o
    0x08001650   0x08001650   0x00000010   Code   RO         1383    i.HAL_GPIO_TogglePin  stm32f4xx_hal_gpio.o
    0x08001660   0x08001660   0x0000000a   Code   RO         1384    i.HAL_GPIO_WritePin  stm32f4xx_hal_gpio.o
    0x0800166a   0x0800166a   0x00000002   PAD
    0x0800166c   0x0800166c   0x0000000c   Code   RO         1912    i.HAL_GetTick       stm32f4xx_hal.o
    0x08001678   0x08001678   0x00000010   Code   RO         1918    i.HAL_IncTick       stm32f4xx_hal.o
    0x08001688   0x08001688   0x00000034   Code   RO         1919    i.HAL_Init          stm32f4xx_hal.o
    0x080016bc   0x080016bc   0x00000040   Code   RO         1920    i.HAL_InitTick      stm32f4xx_hal.o
    0x080016fc   0x080016fc   0x00000030   Code   RO          767    i.HAL_MspInit       stm32f4xx_hal_msp.o
    0x0800172c   0x0800172c   0x0000001a   Code   RO         1769    i.HAL_NVIC_EnableIRQ  stm32f4xx_hal_cortex.o
    0x08001746   0x08001746   0x00000002   PAD
    0x08001748   0x08001748   0x00000040   Code   RO         1775    i.HAL_NVIC_SetPriority  stm32f4xx_hal_cortex.o
    0x08001788   0x08001788   0x00000024   Code   RO         1776    i.HAL_NVIC_SetPriorityGrouping  stm32f4xx_hal_cortex.o
    0x080017ac   0x080017ac   0x00000134   Code   RO         1026    i.HAL_RCC_ClockConfig  stm32f4xx_hal_rcc.o
    0x080018e0   0x080018e0   0x00000020   Code   RO         1033    i.HAL_RCC_GetPCLK1Freq  stm32f4xx_hal_rcc.o
    0x08001900   0x08001900   0x00000020   Code   RO         1034    i.HAL_RCC_GetPCLK2Freq  stm32f4xx_hal_rcc.o
    0x08001920   0x08001920   0x00000064   Code   RO         1035    i.HAL_RCC_GetSysClockFreq  stm32f4xx_hal_rcc.o
    0x08001984   0x08001984   0x0000036c   Code   RO         1038    i.HAL_RCC_OscConfig  stm32f4xx_hal_rcc.o
    0x08001cf0   0x08001cf0   0x00000028   Code   RO         1780    i.HAL_SYSTICK_Config  stm32f4xx_hal_cortex.o
    0x08001d18   0x08001d18   0x00000002   Code   RO         2204    i.HAL_UARTEx_RxEventCallback  stm32f4xx_hal_uart.o
    0x08001d1a   0x08001d1a   0x00000070   Code   RO         2216    i.HAL_UART_DMAStop  stm32f4xx_hal_uart.o
    0x08001d8a   0x08001d8a   0x00000002   Code   RO         2218    i.HAL_UART_ErrorCallback  stm32f4xx_hal_uart.o
    0x08001d8c   0x08001d8c   0x00000268   Code   RO         2221    i.HAL_UART_IRQHandler  stm32f4xx_hal_uart.o
    0x08001ff4   0x08001ff4   0x00000062   Code   RO         2222    i.HAL_UART_Init     stm32f4xx_hal_uart.o
    0x08002056   0x08002056   0x00000002   PAD
    0x08002058   0x08002058   0x0000019c   Code   RO          555    i.HAL_UART_MspInit  usart.o
    0x080021f4   0x080021f4   0x000000c0   Code   RO         2225    i.HAL_UART_Receive  stm32f4xx_hal_uart.o
    0x080022b4   0x080022b4   0x0000002a   Code   RO         2226    i.HAL_UART_Receive_DMA  stm32f4xx_hal_uart.o
    0x080022de   0x080022de   0x00000002   PAD
    0x080022e0   0x080022e0   0x00000020   Code   RO           16    i.HAL_UART_RxCpltCallback  base.o
    0x08002300   0x08002300   0x00000002   Code   RO         2229    i.HAL_UART_RxHalfCpltCallback  stm32f4xx_hal_uart.o
    0x08002302   0x08002302   0x00000002   Code   RO         2233    i.HAL_UART_TxCpltCallback  stm32f4xx_hal_uart.o
    0x08002304   0x08002304   0x00000110   Code   RO           17    i.HandleStringSpeed  base.o
    0x08002414   0x08002414   0x00000002   Code   RO          641    i.HardFault_Handler  stm32f4xx_it.o
    0x08002416   0x08002416   0x00000002   PAD
    0x08002418   0x08002418   0x00000044   Code   RO          483    i.MX_CAN1_Init      can.o
    0x0800245c   0x0800245c   0x00000044   Code   RO          484    i.MX_CAN2_Init      can.o
    0x080024a0   0x080024a0   0x0000005c   Code   RO          530    i.MX_DMA_Init       dma.o
    0x080024fc   0x080024fc   0x0000007c   Code   RO          457    i.MX_GPIO_Init      gpio.o
    0x08002578   0x08002578   0x00000038   Code   RO          556    i.MX_UART4_Init     usart.o
    0x080025b0   0x080025b0   0x00000038   Code   RO          557    i.MX_USART2_UART_Init  usart.o
    0x080025e8   0x080025e8   0x00000002   Code   RO          642    i.MemManage_Handler  stm32f4xx_it.o
    0x080025ea   0x080025ea   0x00000002   Code   RO          643    i.NMI_Handler       stm32f4xx_it.o
    0x080025ec   0x080025ec   0x00000002   Code   RO          644    i.PendSV_Handler    stm32f4xx_it.o
    0x080025ee   0x080025ee   0x0000003a   Code   RO          250    i.RM3508_CAN_Send_Data  rm3508.o
    0x08002628   0x08002628   0x00000034   Code   RO          252    i.RM3508_Get_Feedback  rm3508.o
    0x0800265c   0x0800265c   0x0000002c   Code   RO          254    i.RM3508_Get_Speed  rm3508.o
    0x08002688   0x08002688   0x00000068   Code   RO          256    i.RM3508_Pos_Rec    rm3508.o
    0x080026f0   0x080026f0   0x0000006c   Code   RO          258    i.RM3508_Set_I      rm3508.o
    0x0800275c   0x0800275c   0x00000144   Code   RO          261    i.RM3508_Set_Speed  rm3508.o
    0x080028a0   0x080028a0   0x00000002   Code   RO          645    i.SVC_Handler       stm32f4xx_it.o
    0x080028a2   0x080028a2   0x00000002   PAD
    0x080028a4   0x080028a4   0x00000100   Code   RO          265    i.Speed_Robot_Coordinate  rm3508.o
    0x080029a4   0x080029a4   0x00000004   Code   RO          646    i.SysTick_Handler   stm32f4xx_it.o
    0x080029a8   0x080029a8   0x00000094   Code   RO          398    i.SystemClock_Config  main.o
    0x08002a3c   0x08002a3c   0x00000010   Code   RO         2551    i.SystemInit        system_stm32f4xx.o
    0x08002a4c   0x08002a4c   0x00000084   Code   RO          647    i.UART4_IRQHandler  stm32f4xx_it.o
    0x08002ad0   0x08002ad0   0x00000010   Code   RO         2235    i.UART_DMAAbortOnError  stm32f4xx_hal_uart.o
    0x08002ae0   0x08002ae0   0x0000004a   Code   RO         2236    i.UART_DMAError     stm32f4xx_hal_uart.o
    0x08002b2a   0x08002b2a   0x00000082   Code   RO         2237    i.UART_DMAReceiveCplt  stm32f4xx_hal_uart.o
    0x08002bac   0x08002bac   0x0000001a   Code   RO         2239    i.UART_DMARxHalfCplt  stm32f4xx_hal_uart.o
    0x08002bc6   0x08002bc6   0x0000004e   Code   RO         2245    i.UART_EndRxTransfer  stm32f4xx_hal_uart.o
    0x08002c14   0x08002c14   0x0000001c   Code   RO         2246    i.UART_EndTxTransfer  stm32f4xx_hal_uart.o
    0x08002c30   0x08002c30   0x000000c0   Code   RO         2247    i.UART_Receive_IT   stm32f4xx_hal_uart.o
    0x08002cf0   0x08002cf0   0x0000010c   Code   RO         2248    i.UART_SetConfig    stm32f4xx_hal_uart.o
    0x08002dfc   0x08002dfc   0x00000094   Code   RO         2249    i.UART_Start_Receive_DMA  stm32f4xx_hal_uart.o
    0x08002e90   0x08002e90   0x00000078   Code   RO         2251    i.UART_WaitOnFlagUntilTimeout  stm32f4xx_hal_uart.o
    0x08002f08   0x08002f08   0x000000e4   Code   RO          648    i.USART2_IRQHandler  stm32f4xx_it.o
    0x08002fec   0x08002fec   0x00000002   Code   RO          649    i.UsageFault_Handler  stm32f4xx_it.o
    0x08002fee   0x08002fee   0x00000030   Code   RO         2770    i.__ARM_fpclassify  m_wm.l(fpclassify.o)
    0x0800301e   0x0800301e   0x00000020   Code   RO         1782    i.__NVIC_SetPriority  stm32f4xx_hal_cortex.o
    0x0800303e   0x0800303e   0x00000002   PAD
    0x08003040   0x08003040   0x000000c8   Code   RO         2655    i.__hardfp_cos      m_wm.l(cos.o)
    0x08003108   0x08003108   0x000000c8   Code   RO         2667    i.__hardfp_sin      m_wm.l(sin.o)
    0x080031d0   0x080031d0   0x00000438   Code   RO         2721    i.__ieee754_rem_pio2  m_wm.l(rred.o)
    0x08003608   0x08003608   0x00000170   Code   RO         2704    i.__kernel_cos      m_wm.l(cos_i.o)
    0x08003778   0x08003778   0x000000f8   Code   RO         2772    i.__kernel_poly     m_wm.l(poly.o)
    0x08003870   0x08003870   0x00000130   Code   RO         2726    i.__kernel_sin      m_wm.l(sin_i.o)
    0x080039a0   0x080039a0   0x00000014   Code   RO         2708    i.__mathlib_dbl_infnan  m_wm.l(dunder.o)
    0x080039b4   0x080039b4   0x00000004   PAD
    0x080039b8   0x080039b8   0x00000020   Code   RO         2710    i.__mathlib_dbl_invalid  m_wm.l(dunder.o)
    0x080039d8   0x080039d8   0x00000020   Code   RO         2713    i.__mathlib_dbl_underflow  m_wm.l(dunder.o)
    0x080039f8   0x080039f8   0x00000002   Code   RO          559    i._sys_exit         usart.o
    0x080039fa   0x080039fa   0x00000018   Code   RO         2766    i.fabs              m_wm.l(fabs.o)
    0x08003a12   0x08003a12   0x00000002   PAD
    0x08003a14   0x08003a14   0x00000018   Code   RO          561    i.fputc             usart.o
    0x08003a2c   0x08003a2c   0x00000038   Code   RO           18    i.get_GyroData      base.o
    0x08003a64   0x08003a64   0x000000a0   Code   RO          399    i.main              main.o
    0x08003b04   0x08003b04   0x00000018   Code   RO         2627    x$fpl$basic         fz_wm.l(basic.o)
    0x08003b1c   0x08003b1c   0x00000062   Code   RO         2629    x$fpl$d2f           fz_wm.l(d2f.o)
    0x08003b7e   0x08003b7e   0x00000002   PAD
    0x08003b80   0x08003b80   0x00000150   Code   RO         2631    x$fpl$dadd          fz_wm.l(daddsub_clz.o)
    0x08003cd0   0x08003cd0   0x00000018   Code   RO         2693    x$fpl$dcmpinf       fz_wm.l(dcmpi.o)
    0x08003ce8   0x08003ce8   0x000002b0   Code   RO         2638    x$fpl$ddiv          fz_wm.l(ddiv.o)
    0x08003f98   0x08003f98   0x0000005e   Code   RO         2760    x$fpl$dfix          fz_wm.l(dfix.o)
    0x08003ff6   0x08003ff6   0x0000002e   Code   RO         2642    x$fpl$dflt          fz_wm.l(dflt_clz.o)
    0x08004024   0x08004024   0x00000026   Code   RO         2641    x$fpl$dfltu         fz_wm.l(dflt_clz.o)
    0x0800404a   0x0800404a   0x00000002   PAD
    0x0800404c   0x0800404c   0x00000078   Code   RO         2647    x$fpl$dleqf         fz_wm.l(dleqf.o)
    0x080040c4   0x080040c4   0x00000154   Code   RO         2649    x$fpl$dmul          fz_wm.l(dmul.o)
    0x08004218   0x08004218   0x0000009c   Code   RO         2695    x$fpl$dnaninf       fz_wm.l(dnaninf.o)
    0x080042b4   0x080042b4   0x0000000c   Code   RO         2697    x$fpl$dretinf       fz_wm.l(dretinf.o)
    0x080042c0   0x080042c0   0x0000006c   Code   RO         2651    x$fpl$drleqf        fz_wm.l(drleqf.o)
    0x0800432c   0x0800432c   0x00000016   Code   RO         2632    x$fpl$drsb          fz_wm.l(daddsub_clz.o)
    0x08004342   0x08004342   0x00000002   PAD
    0x08004344   0x08004344   0x000001d4   Code   RO         2633    x$fpl$dsub          fz_wm.l(daddsub_clz.o)
    0x08004518   0x08004518   0x00000056   Code   RO         2653    x$fpl$f2d           fz_wm.l(f2d.o)
    0x0800456e   0x0800456e   0x0000008c   Code   RO         2699    x$fpl$fnaninf       fz_wm.l(fnaninf.o)
    0x080045fa   0x080045fa   0x0000000a   Code   RO         2859    x$fpl$fpinit        fz_wm.l(fpinit.o)
    0x08004604   0x08004604   0x0000000a   Code   RO         2701    x$fpl$fretinf       fz_wm.l(fretinf.o)
    0x0800460e   0x0800460e   0x00000000   Code   RO         2703    x$fpl$usenofp       fz_wm.l(usenofp.o)
    0x0800460e   0x0800460e   0x00000008   Data   RO         1499    .constdata          stm32f4xx_hal_dma.o
    0x08004616   0x08004616   0x00000010   Data   RO         2552    .constdata          system_stm32f4xx.o
    0x08004626   0x08004626   0x00000008   Data   RO         2553    .constdata          system_stm32f4xx.o
    0x0800462e   0x0800462e   0x00000002   PAD
    0x08004630   0x08004630   0x00000030   Data   RO         2705    .constdata          m_wm.l(cos_i.o)
    0x08004660   0x08004660   0x000000c8   Data   RO         2723    .constdata          m_wm.l(rred.o)
    0x08004728   0x08004728   0x00000028   Data   RO         2727    .constdata          m_wm.l(sin_i.o)
    0x08004750   0x08004750   0x00000020   Data   RO         2910    Region$$Table       anon$$obj.o


    Execution Region RW_IRAM1 (Exec base: 0x20000000, Load base: 0x08004770, Size: 0x00001088, Max: 0x0001c000, ABSOLUTE, COMPRESSED[0x000000ac])

    Exec Addr    Load Addr    Size         Type   Attr      Idx    E Section Name        Object

    0x20000000   COMPRESSED   0x00000010   Data   RW           29    .data               base.o
    0x20000010   COMPRESSED   0x000004dc   Data   RW          268    .data               rm3508.o
    0x200004ec   COMPRESSED   0x00000004   Data   RW          269    .data               rm3508.o
    0x200004f0   COMPRESSED   0x00000004   Data   RW          402    .data               main.o
    0x200004f4   COMPRESSED   0x00000004   Data   RW          403    .data               main.o
    0x200004f8   COMPRESSED   0x0000000c   Data   RW          404    .data               main.o
    0x20000504   COMPRESSED   0x00000001   Data   RW          405    .data               main.o
    0x20000505   COMPRESSED   0x00000003   PAD
    0x20000508   COMPRESSED   0x00000004   Data   RW          407    .data               main.o
    0x2000050c   COMPRESSED   0x00000004   Data   RW          410    .data               main.o
    0x20000510   COMPRESSED   0x00000004   Data   RW          411    .data               main.o
    0x20000514   COMPRESSED   0x00000004   Data   RW          486    .data               can.o
    0x20000518   COMPRESSED   0x00000004   Data   RW          563    .data               usart.o
    0x2000051c   COMPRESSED   0x0000000c   Data   RW         1926    .data               stm32f4xx_hal.o
    0x20000528   COMPRESSED   0x00000004   Data   RW         2554    .data               system_stm32f4xx.o
    0x2000052c        -       0x00000098   Zero   RW          266    .bss                rm3508.o
    0x200005c4        -       0x000001fe   Zero   RW          400    .bss                main.o
    0x200007c2        -       0x0000000a   Zero   RW          401    .bss                main.o
    0x200007cc        -       0x00000050   Zero   RW          485    .bss                can.o
    0x2000081c        -       0x00000208   Zero   RW          562    .bss                usart.o
    0x20000a24        -       0x00000060   Zero   RW         2775    .bss                c_w.l(libspace.o)
    0x20000a84   COMPRESSED   0x00000004   PAD
    0x20000a88        -       0x00000200   Zero   RW            2    HEAP                startup_stm32f405xx.o
    0x20000c88        -       0x00000400   Zero   RW            1    STACK               startup_stm32f405xx.o


    Execution Region RW_IRAM2 (Exec base: 0x2001c000, Load base: 0x0800481c, Size: 0x00000000, Max: 0x00004000, ABSOLUTE)

    **** No section assigned to this execution region ****


==============================================================================

Image component sizes


      Code (inc. data)   RO Data    RW Data    ZI Data      Debug   Object Name

       608         80          0         16          0     624926   base.o
       424         40          0          4         80       2530   can.o
        92          4          0          0          0        810   dma.o
       124          8          0          0          0        963   gpio.o
       312         42          0         33        520       3009   main.o
      1026         68          0       1248        152       8110   rm3508.o
        64         26        392          0       1536        848   startup_stm32f405xx.o
       180         28          0         12          0       9453   stm32f4xx_hal.o
      1700          6          0          0          0      14549   stm32f4xx_hal_can.o
       198         14          0          0          0      33975   stm32f4xx_hal_cortex.o
      1084         16          8          0          0       7394   stm32f4xx_hal_dma.o
       522         46          0          0          0       2853   stm32f4xx_hal_gpio.o
        48          6          0          0          0        866   stm32f4xx_hal_msp.o
      1348         76          0          0          0       5264   stm32f4xx_hal_rcc.o
      2148         30          0          0          0      15606   stm32f4xx_hal_uart.o
       476        152          0          0          0      10579   stm32f4xx_it.o
        16          4         24          4          0       1139   system_stm32f4xx.o
       550         50          0          4        520       5123   usart.o

    ----------------------------------------------------------------------
     10946        696        458       1324       2808     747997   Object Totals
         0          0         32          0          0          0   (incl. Generated)
        26          0          2          3          0          0   (incl. Padding)

    ----------------------------------------------------------------------

      Code (inc. data)   RO Data    RW Data    ZI Data      Debug   Library Member Name

        90          0          0          0          0          0   __dczerorl2.o
         8          0          0          0          0         68   __main.o
       104          0          0          0          0         84   __printf.o
         0          0          0          0          0          0   __rtentry.o
        12          0          0          0          0          0   __rtentry2.o
         6          0          0          0          0          0   __rtentry4.o
        52          8          0          0          0          0   __scatter.o
        28          0          0          0          0          0   __scatter_zi.o
        48          6          0          0          0         96   _printf_char_common.o
        36          4          0          0          0         80   _printf_char_file.o
         6          0          0          0          0          0   _printf_d.o
       120         16          0          0          0         92   _printf_dec.o
       178          0          0          0          0         88   _printf_intcommon.o
         0          0          0          0          0          0   _printf_percent.o
         4          0          0          0          0          0   _printf_percent_end.o
        22          0          0          0          0        100   _rserrno.o
        18          0          0          0          0         80   exit.o
         8          0          0          0          0         68   ferror.o
         6          0          0          0          0        152   heapauxi.o
         2          0          0          0          0          0   libinit.o
         6          0          0          0          0          0   libinit2.o
         2          0          0          0          0          0   libshutdown.o
         2          0          0          0          0          0   libshutdown2.o
         8          4          0          0         96         68   libspace.o
       238          0          0          0          0        100   lludivv7m.o
        24          4          0          0          0         84   noretval__2printf.o
         8          4          0          0          0         68   rt_errno_addr_intlibspace.o
        78          0          0          0          0         80   rt_memclr_w.o
         2          0          0          0          0          0   rtexit.o
        10          0          0          0          0          0   rtexit2.o
        74          0          0          0          0         80   sys_stackheap_outer.o
         2          0          0          0          0         68   use_no_semi.o
         2          0          0          0          0         68   use_no_semi_2.o
        24          0          0          0          0        164   basic.o
        98          4          0          0          0        140   d2f.o
       826         16          0          0          0        492   daddsub_clz.o
        24          0          0          0          0        116   dcmpi.o
       688        140          0          0          0        256   ddiv.o
        94          4          0          0          0        140   dfix.o
        84          0          0          0          0        232   dflt_clz.o
       120          4          0          0          0        140   dleqf.o
       340         12          0          0          0        152   dmul.o
       156          4          0          0          0        140   dnaninf.o
        12          0          0          0          0        116   dretinf.o
       108          0          0          0          0        128   drleqf.o
        86          4          0          0          0        132   f2d.o
       140          4          0          0          0        132   fnaninf.o
        10          0          0          0          0        116   fpinit.o
        10          0          0          0          0        116   fretinf.o
         0          0          0          0          0          0   usenofp.o
       200         20          0          0          0        164   cos.o
       368         46         48          0          0        200   cos_i.o
        84         16          0          0          0        372   dunder.o
        24          0          0          0          0        124   fabs.o
        48          0          0          0          0        124   fpclassify.o
       248          0          0          0          0        152   poly.o
      1080        142        200          0          0        188   rred.o
       200         20          0          0          0        164   sin.o
       304         24         40          0          0        208   sin_i.o

    ----------------------------------------------------------------------
      6596        506        288          0        100       5932   Library Totals
        16          0          0          0          4          0   (incl. Padding)

    ----------------------------------------------------------------------

      Code (inc. data)   RO Data    RW Data    ZI Data      Debug   Library Name

      1204         46          0          0         96       1524   c_w.l
      2820        192          0          0          0       2712   fz_wm.l
      2556        268        288          0          0       1696   m_wm.l

    ----------------------------------------------------------------------
      6596        506        288          0        100       5932   Library Totals

    ----------------------------------------------------------------------

==============================================================================


      Code (inc. data)   RO Data    RW Data    ZI Data      Debug   

     17542       1202        746       1324       2908     739901   Grand Totals
     17542       1202        746        172       2908     739901   ELF Image Totals (compressed)
     17542       1202        746        172          0          0   ROM Totals

==============================================================================

    Total RO  Size (Code + RO Data)                18288 (  17.86kB)
    Total RW  Size (RW Data + ZI Data)              4232 (   4.13kB)
    Total ROM Size (Code + RO Data + RW Data)      18460 (  18.03kB)

==============================================================================

